Component: ARM Compiler 5.06 update 5 (build 528) Tool: armlink [4d35e2]

==============================================================================

Section Cross References

    startup_stm32f042x6.o(RESET) refers to startup_stm32f042x6.o(STACK) for __initial_sp
    startup_stm32f042x6.o(RESET) refers to startup_stm32f042x6.o(.text) for Reset_Handler
    startup_stm32f042x6.o(RESET) refers to port.o(i.SVC_Handler) for SVC_Handler
    startup_stm32f042x6.o(RESET) refers to port.o(.emb_text) for PendSV_Handler
    startup_stm32f042x6.o(RESET) refers to stm32f0xx_it.o(i.SysTick_Handler) for SysTick_Handler
    startup_stm32f042x6.o(RESET) refers to stm32f0xx_it.o(i.EXTI4_15_IRQHandler) for EXTI4_15_IRQHandler
    startup_stm32f042x6.o(RESET) refers to stm32f0xx_it.o(i.DMA1_Channel4_5_IRQHandler) for DMA1_Channel4_5_IRQHandler
    startup_stm32f042x6.o(RESET) refers to stm32f0xx_it.o(i.I2C1_IRQHandler) for I2C1_IRQHandler
    startup_stm32f042x6.o(RESET) refers to stm32f0xx_it.o(i.USART1_IRQHandler) for USART1_IRQHandler
    startup_stm32f042x6.o(RESET) refers to stm32f0xx_it.o(i.USART2_IRQHandler) for USART2_IRQHandler
    startup_stm32f042x6.o(.text) refers to startup_stm32f042x6.o(STACK) for __initial_sp
    startup_stm32f042x6.o(.text) refers to system_stm32f0xx.o(i.SystemInit) for SystemInit
    startup_stm32f042x6.o(.text) refers to entry.o(.ARM.Collect$$$$00000000) for __main
    system_stm32f0xx.o(i.SystemCoreClockUpdate) refers to uidiv.o(.text) for __aeabi_uidivmod
    system_stm32f0xx.o(i.SystemCoreClockUpdate) refers to system_stm32f0xx.o(.data) for SystemCoreClock
    system_stm32f0xx.o(i.SystemCoreClockUpdate) refers to system_stm32f0xx.o(.constdata) for AHBPrescTable
    stm32f0xx_hal_i2c.o(i.HAL_I2C_DeInit) refers to stm32f0xx_hal_msp.o(i.HAL_I2C_MspDeInit) for HAL_I2C_MspDeInit
    stm32f0xx_hal_i2c.o(i.HAL_I2C_DisableListen_IT) refers to stm32f0xx_hal_i2c.o(i.I2C_Disable_IRQ) for I2C_Disable_IRQ
    stm32f0xx_hal_i2c.o(i.HAL_I2C_ER_IRQHandler) refers to stm32f0xx_hal_i2c.o(i.I2C_ITError) for I2C_ITError
    stm32f0xx_hal_i2c.o(i.HAL_I2C_EnableListen_IT) refers to stm32f0xx_hal_i2c.o(i.I2C_Enable_IRQ) for I2C_Enable_IRQ
    stm32f0xx_hal_i2c.o(i.HAL_I2C_EnableListen_IT) refers to stm32f0xx_hal_i2c.o(i.I2C_Slave_ISR_IT) for I2C_Slave_ISR_IT
    stm32f0xx_hal_i2c.o(i.HAL_I2C_Init) refers to stm32f0xx_hal_msp.o(i.HAL_I2C_MspInit) for HAL_I2C_MspInit
    stm32f0xx_hal_i2c.o(i.HAL_I2C_IsDeviceReady) refers to stm32f0xx_hal.o(i.HAL_GetTick) for HAL_GetTick
    stm32f0xx_hal_i2c.o(i.HAL_I2C_IsDeviceReady) refers to stm32f0xx_hal_i2c.o(i.I2C_WaitOnFlagUntilTimeout) for I2C_WaitOnFlagUntilTimeout
    stm32f0xx_hal_i2c.o(i.HAL_I2C_Master_Abort_IT) refers to stm32f0xx_hal_i2c.o(i.I2C_Disable_IRQ) for I2C_Disable_IRQ
    stm32f0xx_hal_i2c.o(i.HAL_I2C_Master_Abort_IT) refers to stm32f0xx_hal_i2c.o(i.I2C_TransferConfig) for I2C_TransferConfig
    stm32f0xx_hal_i2c.o(i.HAL_I2C_Master_Abort_IT) refers to stm32f0xx_hal_i2c.o(i.I2C_Enable_IRQ) for I2C_Enable_IRQ
    stm32f0xx_hal_i2c.o(i.HAL_I2C_Master_Receive) refers to stm32f0xx_hal.o(i.HAL_GetTick) for HAL_GetTick
    stm32f0xx_hal_i2c.o(i.HAL_I2C_Master_Receive) refers to stm32f0xx_hal_i2c.o(i.I2C_WaitOnFlagUntilTimeout) for I2C_WaitOnFlagUntilTimeout
    stm32f0xx_hal_i2c.o(i.HAL_I2C_Master_Receive) refers to stm32f0xx_hal_i2c.o(i.I2C_TransferConfig) for I2C_TransferConfig
    stm32f0xx_hal_i2c.o(i.HAL_I2C_Master_Receive) refers to stm32f0xx_hal_i2c.o(i.I2C_WaitOnRXNEFlagUntilTimeout) for I2C_WaitOnRXNEFlagUntilTimeout
    stm32f0xx_hal_i2c.o(i.HAL_I2C_Master_Receive) refers to stm32f0xx_hal_i2c.o(i.I2C_WaitOnSTOPFlagUntilTimeout) for I2C_WaitOnSTOPFlagUntilTimeout
    stm32f0xx_hal_i2c.o(i.HAL_I2C_Master_Receive_DMA) refers to stm32f0xx_hal_dma.o(i.HAL_DMA_Start_IT) for HAL_DMA_Start_IT
    stm32f0xx_hal_i2c.o(i.HAL_I2C_Master_Receive_DMA) refers to stm32f0xx_hal_i2c.o(i.I2C_TransferConfig) for I2C_TransferConfig
    stm32f0xx_hal_i2c.o(i.HAL_I2C_Master_Receive_DMA) refers to stm32f0xx_hal_i2c.o(i.I2C_Enable_IRQ) for I2C_Enable_IRQ
    stm32f0xx_hal_i2c.o(i.HAL_I2C_Master_Receive_DMA) refers to stm32f0xx_hal_i2c.o(i.I2C_Master_ISR_DMA) for I2C_Master_ISR_DMA
    stm32f0xx_hal_i2c.o(i.HAL_I2C_Master_Receive_DMA) refers to stm32f0xx_hal_i2c.o(i.I2C_DMAMasterReceiveCplt) for I2C_DMAMasterReceiveCplt
    stm32f0xx_hal_i2c.o(i.HAL_I2C_Master_Receive_DMA) refers to stm32f0xx_hal_i2c.o(i.I2C_DMAError) for I2C_DMAError
    stm32f0xx_hal_i2c.o(i.HAL_I2C_Master_Receive_DMA) refers to stm32f0xx_hal_i2c.o(i.I2C_Master_ISR_IT) for I2C_Master_ISR_IT
    stm32f0xx_hal_i2c.o(i.HAL_I2C_Master_Receive_IT) refers to stm32f0xx_hal_i2c.o(i.I2C_TransferConfig) for I2C_TransferConfig
    stm32f0xx_hal_i2c.o(i.HAL_I2C_Master_Receive_IT) refers to stm32f0xx_hal_i2c.o(i.I2C_Enable_IRQ) for I2C_Enable_IRQ
    stm32f0xx_hal_i2c.o(i.HAL_I2C_Master_Receive_IT) refers to stm32f0xx_hal_i2c.o(i.I2C_Master_ISR_IT) for I2C_Master_ISR_IT
[...]
    Removing stm32f0xx_hal_pwr_ex.o(i.HAL_PWR_PVD_IRQHandler), (36 bytes).
    Removing stm32f0xx_hal_flash.o(.rev16_text), (4 bytes).
    Removing stm32f0xx_hal_flash.o(.revsh_text), (4 bytes).
    Removing stm32f0xx_hal_flash.o(i.FLASH_Program_HalfWord), (32 bytes).
    Removing stm32f0xx_hal_flash.o(i.FLASH_SetErrorCode), (72 bytes).
    Removing stm32f0xx_hal_flash.o(i.FLASH_WaitForLastOperation), (104 bytes).
    Removing stm32f0xx_hal_flash.o(i.HAL_FLASH_EndOfOperationCallback), (2 bytes).
    Removing stm32f0xx_hal_flash.o(i.HAL_FLASH_GetError), (12 bytes).
    Removing stm32f0xx_hal_flash.o(i.HAL_FLASH_IRQHandler), (396 bytes).
    Removing stm32f0xx_hal_flash.o(i.HAL_FLASH_Lock), (20 bytes).
    Removing stm32f0xx_hal_flash.o(i.HAL_FLASH_OB_Launch), (32 bytes).
    Removing stm32f0xx_hal_flash.o(i.HAL_FLASH_OB_Lock), (24 bytes).
    Removing stm32f0xx_hal_flash.o(i.HAL_FLASH_OB_Unlock), (48 bytes).
    Removing stm32f0xx_hal_flash.o(i.HAL_FLASH_OperationErrorCallback), (2 bytes).
    Removing stm32f0xx_hal_flash.o(i.HAL_FLASH_Program), (188 bytes).
    Removing stm32f0xx_hal_flash.o(i.HAL_FLASH_Program_IT), (120 bytes).
    Removing stm32f0xx_hal_flash.o(i.HAL_FLASH_Unlock), (44 bytes).
    Removing stm32f0xx_hal_flash.o(.bss), (32 bytes).
    Removing stm32f0xx_hal_flash_ex.o(.rev16_text), (4 bytes).
    Removing stm32f0xx_hal_flash_ex.o(.revsh_text), (4 bytes).
    Removing stm32f0xx_hal_flash_ex.o(i.FLASH_MassErase), (40 bytes).
    Removing stm32f0xx_hal_flash_ex.o(i.FLASH_OB_DisableWRP), (112 bytes).
    Removing stm32f0xx_hal_flash_ex.o(i.FLASH_OB_EnableWRP), (116 bytes).
    Removing stm32f0xx_hal_flash_ex.o(i.FLASH_OB_GetRDP), (36 bytes).
    Removing stm32f0xx_hal_flash_ex.o(i.FLASH_OB_GetUser), (20 bytes).
    Removing stm32f0xx_hal_flash_ex.o(i.FLASH_OB_GetWRP), (12 bytes).
    Removing stm32f0xx_hal_flash_ex.o(i.FLASH_OB_ProgramData), (76 bytes).
    Removing stm32f0xx_hal_flash_ex.o(i.FLASH_OB_RDP_LevelConfig), (128 bytes).
    Removing stm32f0xx_hal_flash_ex.o(i.FLASH_OB_UserConfig), (80 bytes).
    Removing stm32f0xx_hal_flash_ex.o(i.FLASH_PageErase), (44 bytes).
    Removing stm32f0xx_hal_flash_ex.o(i.HAL_FLASHEx_Erase), (172 bytes).
    Removing stm32f0xx_hal_flash_ex.o(i.HAL_FLASHEx_Erase_IT), (104 bytes).
    Removing stm32f0xx_hal_flash_ex.o(i.HAL_FLASHEx_OBErase), (100 bytes).
    Removing stm32f0xx_hal_flash_ex.o(i.HAL_FLASHEx_OBGetConfig), (28 bytes).
    Removing stm32f0xx_hal_flash_ex.o(i.HAL_FLASHEx_OBGetUserData), (40 bytes).
    Removing stm32f0xx_hal_flash_ex.o(i.HAL_FLASHEx_OBProgram), (208 bytes).
    Removing main.o(.rev16_text), (4 bytes).
    Removing main.o(.revsh_text), (4 bytes).
    Removing stm32f0xx_it.o(.rev16_text), (4 bytes).
    Removing stm32f0xx_it.o(.revsh_text), (4 bytes).
    Removing stm32f0xx_hal_msp.o(.rev16_text), (4 bytes).
    Removing stm32f0xx_hal_msp.o(.revsh_text), (4 bytes).
    Removing stm32f0xx_hal_msp.o(i.HAL_I2C_MspDeInit), (68 bytes).
    Removing stm32f0xx_hal_msp.o(i.HAL_UART_MspDeInit), (112 bytes).
    Removing heap_4.o(i.vPortInitialiseBlocks), (2 bytes).
    Removing heap_4.o(i.xPortGetFreeHeapSize), (12 bytes).
    Removing heap_4.o(i.xPortGetMinimumEverFreeHeapSize), (12 bytes).
    Removing port.o(i.vPortEndScheduler), (36 bytes).
    Removing event_groups.o(i.prvTestWaitCondition), (34 bytes).
    Removing event_groups.o(i.vEventGroupClearBitsCallback), (16 bytes).
    Removing event_groups.o(i.vEventGroupDelete), (68 bytes).
    Removing event_groups.o(i.vEventGroupSetBitsCallback), (16 bytes).
    Removing event_groups.o(i.xEventGroupClearBits), (62 bytes).
    Removing event_groups.o(i.xEventGroupCreate), (28 bytes).
    Removing event_groups.o(i.xEventGroupGetBitsFromISR), (24 bytes).
    Removing event_groups.o(i.xEventGroupSetBits), (200 bytes).
    Removing event_groups.o(i.xEventGroupSync), (234 bytes).
    Removing event_groups.o(i.xEventGroupWaitBits), (288 bytes).
    Removing queue.o(i.pcQueueGetName), (44 bytes).
    Removing queue.o(i.prvCopyDataFromQueue), (44 bytes).
    Removing queue.o(i.prvCopyDataToQueue), (128 bytes).
    Removing queue.o(i.prvInitialiseMutex), (30 bytes).
    Removing queue.o(i.prvInitialiseNewQueue), (34 bytes).
    Removing queue.o(i.prvIsQueueEmpty), (28 bytes).
    Removing queue.o(i.prvIsQueueFull), (30 bytes).
    Removing queue.o(i.prvUnlockQueue), (142 bytes).
    Removing queue.o(i.uxQueueMessagesWaiting), (28 bytes).
    Removing queue.o(i.uxQueueMessagesWaitingFromISR), (16 bytes).
    Removing queue.o(i.uxQueueSpacesAvailable), (34 bytes).
    Removing queue.o(i.vQueueAddToRegistry), (44 bytes).
    Removing queue.o(i.vQueueDelete), (30 bytes).
    Removing queue.o(i.vQueueUnregisterQueue), (52 bytes).
    Removing queue.o(i.xQueueCreateMutex), (30 bytes).
    Removing queue.o(i.xQueueGenericCreate), (80 bytes).
    Removing queue.o(i.xQueueGenericReceive), (396 bytes).
    Removing queue.o(i.xQueueGenericReset), (130 bytes).
    Removing queue.o(i.xQueueGenericSend), (346 bytes).
    Removing queue.o(i.xQueueGenericSendFromISR), (188 bytes).
    Removing queue.o(i.xQueueGiveFromISR), (170 bytes).
    Removing queue.o(i.xQueueIsQueueEmptyFromISR), (26 bytes).
    Removing queue.o(i.xQueueIsQueueFullFromISR), (28 bytes).
    Removing queue.o(i.xQueuePeekFromISR), (108 bytes).
    Removing queue.o(i.xQueueReceiveFromISR), (158 bytes).
    Removing queue.o(.bss), (64 bytes).
    Removing tasks.o(i.pcTaskGetName), (36 bytes).
    Removing tasks.o(i.prvTaskIsTaskSuspended), (84 bytes).
    Removing tasks.o(i.pvTaskIncrementMutexHeldCount), (32 bytes).
    Removing tasks.o(i.ulTaskNotifyTake), (108 bytes).
    Removing tasks.o(i.uxTaskGetNumberOfTasks), (12 bytes).
    Removing tasks.o(i.uxTaskPriorityGet), (36 bytes).
    Removing tasks.o(i.uxTaskPriorityGetFromISR), (40 bytes).
    Removing tasks.o(i.uxTaskResetEventItemValue), (28 bytes).
    Removing tasks.o(i.vTaskDelete), (180 bytes).
    Removing tasks.o(i.vTaskEndScheduler), (20 bytes).
    Removing tasks.o(i.vTaskMissedYield), (12 bytes).
    Removing tasks.o(i.vTaskNotifyGiveFromISR), (184 bytes).
    Removing tasks.o(i.vTaskPlaceOnEventList), (44 bytes).
    Removing tasks.o(i.vTaskPlaceOnUnorderedEventList), (84 bytes).
    Removing tasks.o(i.vTaskPriorityInherit), (140 bytes).
    Removing tasks.o(i.vTaskPrioritySet), (228 bytes).
    Removing tasks.o(i.vTaskResume), (116 bytes).
    Removing tasks.o(i.vTaskSetTimeOutState), (32 bytes).
    Removing tasks.o(i.vTaskSuspend), (168 bytes).
    Removing tasks.o(i.xTaskCheckForTimeOut), (116 bytes).
    Removing tasks.o(i.xTaskGenericNotify), (212 bytes).
    Removing tasks.o(i.xTaskGenericNotifyFromISR), (264 bytes).
    Removing tasks.o(i.xTaskGetCurrentTaskHandle), (12 bytes).
    Removing tasks.o(i.xTaskGetTickCount), (12 bytes).
    Removing tasks.o(i.xTaskGetTickCountFromISR), (12 bytes).
    Removing tasks.o(i.xTaskNotifyStateClear), (56 bytes).
    Removing tasks.o(i.xTaskNotifyWait), (144 bytes).
    Removing tasks.o(i.xTaskPriorityDisinherit), (136 bytes).
    Removing tasks.o(i.xTaskRemoveFromEventList), (136 bytes).
    Removing tasks.o(i.xTaskRemoveFromUnorderedEventList), (144 bytes).
    Removing tasks.o(i.xTaskResumeFromISR), (136 bytes).
    Removing cmsis_os.o(.rev16_text), (4 bytes).
    Removing cmsis_os.o(.revsh_text), (4 bytes).
    Removing cmsis_os.o(i.inHandlerMode), (18 bytes).
    Removing cmsis_os.o(i.makeCmsisPriority), (18 bytes).
    Removing cmsis_os.o(i.osAbortDelay), (6 bytes).
    Removing cmsis_os.o(i.osDelayUntil), (6 bytes).
    Removing cmsis_os.o(i.osKernelRunning), (18 bytes).
    Removing cmsis_os.o(i.osKernelSysTick), (22 bytes).
    Removing cmsis_os.o(i.osMailAlloc), (24 bytes).
    Removing cmsis_os.o(i.osMailCAlloc), (42 bytes).
    Removing cmsis_os.o(i.osMailCreate), (126 bytes).
    Removing cmsis_os.o(i.osMailFree), (24 bytes).
    Removing cmsis_os.o(i.osMailGet), (160 bytes).
    Removing cmsis_os.o(i.osMailPut), (92 bytes).
    Removing cmsis_os.o(i.osMessageAvailableSpace), (12 bytes).
    Removing cmsis_os.o(i.osMessageCreate), (18 bytes).
    Removing cmsis_os.o(i.osMessageDelete), (26 bytes).
    Removing cmsis_os.o(i.osMessageGet), (164 bytes).
    Removing cmsis_os.o(i.osMessagePeek), (98 bytes).
    Removing cmsis_os.o(i.osMessagePut), (96 bytes).
    Removing cmsis_os.o(i.osMessageWaiting), (28 bytes).
    Removing cmsis_os.o(i.osMutexCreate), (12 bytes).
    Removing cmsis_os.o(i.osMutexDelete), (26 bytes).
    Removing cmsis_os.o(i.osMutexRelease), (76 bytes).
    Removing cmsis_os.o(i.osMutexWait), (112 bytes).
    Removing cmsis_os.o(i.osPoolAlloc), (108 bytes).
    Removing cmsis_os.o(i.osPoolCAlloc), (28 bytes).
    Removing cmsis_os.o(i.osPoolCreate), (114 bytes).
    Removing cmsis_os.o(i.osPoolFree), (82 bytes).
    Removing cmsis_os.o(i.osRecursiveMutexCreate), (6 bytes).
    Removing cmsis_os.o(i.osRecursiveMutexRelease), (6 bytes).
    Removing cmsis_os.o(i.osRecursiveMutexWait), (6 bytes).
    Removing cmsis_os.o(i.osSemaphoreCreate), (46 bytes).
    Removing cmsis_os.o(i.osSemaphoreDelete), (26 bytes).
    Removing cmsis_os.o(i.osSemaphoreGetCount), (12 bytes).
    Removing cmsis_os.o(i.osSemaphoreRelease), (76 bytes).
    Removing cmsis_os.o(i.osSemaphoreWait), (112 bytes).
    Removing cmsis_os.o(i.osSignalSet), (92 bytes).
    Removing cmsis_os.o(i.osSignalWait), (108 bytes).
    Removing cmsis_os.o(i.osThreadGetId), (8 bytes).
    Removing cmsis_os.o(i.osThreadGetPriority), (40 bytes).
    Removing cmsis_os.o(i.osThreadList), (6 bytes).
    Removing cmsis_os.o(i.osThreadResume), (44 bytes).
    Removing cmsis_os.o(i.osThreadResumeAll), (18 bytes).
    Removing cmsis_os.o(i.osThreadSetPriority), (26 bytes).
    Removing cmsis_os.o(i.osThreadSuspend), (14 bytes).
    Removing cmsis_os.o(i.osThreadSuspendAll), (10 bytes).
    Removing cmsis_os.o(i.osThreadTerminate), (14 bytes).
    Removing cmsis_os.o(i.osThreadYield), (10 bytes).
    Removing cmsis_os.o(i.osTimerCreate), (6 bytes).
    Removing cmsis_os.o(i.osTimerDelete), (8 bytes).
    Removing cmsis_os.o(i.osTimerStart), (8 bytes).
    Removing cmsis_os.o(i.osTimerStop), (8 bytes).
    Removing dadd.o(.text), (356 bytes).
    Removing dmul.o(.text), (208 bytes).
    Removing ddiv.o(.text), (240 bytes).
    Removing dfixul.o(.text), (64 bytes).
    Removing cdrcmple.o(.text), (40 bytes).
    Removing depilogue.o(.text), (190 bytes).
    Removing stm32f0xx_hal_dma.o(i.__ARM_common_switch8), (28 bytes).
    Removing depilogue.o(i.__ARM_clz), (46 bytes).

382 unused section(s) (total 29998 bytes) removed from the image.

==============================================================================

Image Symbol Table

    Local Symbols

    Symbol Name                              Value     Ov Type        Size  Object(Section)

    ..//Src/system_stm32f0xx.c               0x00000000   Number         0  system_stm32f0xx.o ABSOLUTE
    ../Drivers/STM32F0xx_HAL_Driver/Src/stm32f0xx_hal.c 0x00000000   Number         0  stm32f0xx_hal.o ABSOLUTE
    ../Drivers/STM32F0xx_HAL_Driver/Src/stm32f0xx_hal_cortex.c 0x00000000   Number         0  stm32f0xx_hal_cortex.o ABSOLUTE
    ../Drivers/STM32F0xx_HAL_Driver/Src/stm32f0xx_hal_dma.c 0x00000000   Number         0  stm32f0xx_hal_dma.o ABSOLUTE
    ../Drivers/STM32F0xx_HAL_Driver/Src/stm32f0xx_hal_flash.c 0x00000000   Number         0  stm32f0xx_hal_flash.o ABSOLUTE
    ../Drivers/STM32F0xx_HAL_Driver/Src/stm32f0xx_hal_flash_ex.c 0x00000000   Number         0  stm32f0xx_hal_flash_ex.o ABSOLUTE
    ../Drivers/STM32F0xx_HAL_Driver/Src/stm32f0xx_hal_gpio.c 0x00000000   Number         0  stm32f0xx_hal_gpio.o ABSOLUTE
    ../Drivers/STM32F0xx_HAL_Driver/Src/stm32f0xx_hal_i2c.c 0x00000000   Number         0  stm32f0xx_hal_i2c.o ABSOLUTE
    ../Drivers/STM32F0xx_HAL_Driver/Src/stm32f0xx_hal_i2c_ex.c 0x00000000   Number         0  stm32f0xx_hal_i2c_ex.o ABSOLUTE
    ../Drivers/STM32F0xx_HAL_Driver/Src/stm32f0xx_hal_pwr.c 0x00000000   Number         0  stm32f0xx_hal_pwr.o ABSOLUTE
    ../Drivers/STM32F0xx_HAL_Driver/Src/stm32f0xx_hal_pwr_ex.c 0x00000000   Number         0  stm32f0xx_hal_pwr_ex.o ABSOLUTE
    ../Drivers/STM32F0xx_HAL_Driver/Src/stm32f0xx_hal_rcc.c 0x00000000   Number         0  stm32f0xx_hal_rcc.o ABSOLUTE
    ../Drivers/STM32F0xx_HAL_Driver/Src/stm32f0xx_hal_rcc_ex.c 0x00000000   Number         0  stm32f0xx_hal_rcc_ex.o ABSOLUTE
    ../Drivers/STM32F0xx_HAL_Driver/Src/stm32f0xx_hal_tim.c 0x00000000   Number         0  stm32f0xx_hal_tim.o ABSOLUTE
    ../Drivers/STM32F0xx_HAL_Driver/Src/stm32f0xx_hal_tim_ex.c 0x00000000   Number         0  stm32f0xx_hal_tim_ex.o ABSOLUTE
    ../Drivers/STM32F0xx_HAL_Driver/Src/stm32f0xx_hal_uart.c 0x00000000   Number         0  stm32f0xx_hal_uart.o ABSOLUTE
    ../Drivers/STM32F0xx_HAL_Driver/Src/stm32f0xx_hal_uart_ex.c 0x00000000   Number         0  stm32f0xx_hal_uart_ex.o ABSOLUTE
    ../Middlewares/Third_Party/FreeRTOS/Source/CMSIS_RTOS/cmsis_os.c 0x00000000   Number         0  cmsis_os.o ABSOLUTE
    ../Middlewares/Third_Party/FreeRTOS/Source/croutine.c 0x00000000   Number         0  croutine.o ABSOLUTE
    ../Middlewares/Third_Party/FreeRTOS/Source/event_groups.c 0x00000000   Number         0  event_groups.o ABSOLUTE
    ../Middlewares/Third_Party/FreeRTOS/Source/list.c 0x00000000   Number         0  list.o ABSOLUTE
    ../Middlewares/Third_Party/FreeRTOS/Source/portable/MemMang/heap_4.c 0x00000000   Number         0  heap_4.o ABSOLUTE
    ../Middlewares/Third_Party/FreeRTOS/Source/portable/RVDS/ARM_CM0/port.c 0x00000000   Number         0  port.o ABSOLUTE
    ../Middlewares/Third_Party/FreeRTOS/Source/queue.c 0x00000000   Number         0  queue.o ABSOLUTE
    ../Middlewares/Third_Party/FreeRTOS/Source/tasks.c 0x00000000   Number         0  tasks.o ABSOLUTE
    ../Middlewares/Third_Party/FreeRTOS/Source/timers.c 0x00000000   Number         0  timers.o ABSOLUTE
    ../Src/freertos.c                        0x00000000   Number         0  freertos.o ABSOLUTE
    ../Src/main.c                            0x00000000   Number         0  main.o ABSOLUTE
    ../Src/stm32f0xx_hal_msp.c               0x00000000   Number         0  stm32f0xx_hal_msp.o ABSOLUTE
    ../Src/stm32f0xx_it.c                    0x00000000   Number         0  stm32f0xx_it.o ABSOLUTE
    ../clib/microlib/division.c              0x00000000   Number         0  uidiv.o ABSOLUTE
    ../clib/microlib/division.c              0x00000000   Number         0  uldiv.o ABSOLUTE
    ../clib/microlib/init/entry.s            0x00000000   Number         0  entry.o ABSOLUTE
    ../clib/microlib/init/entry.s            0x00000000   Number         0  entry9b.o ABSOLUTE
    ../clib/microlib/init/entry.s            0x00000000   Number         0  entry2.o ABSOLUTE
    ../clib/microlib/init/entry.s            0x00000000   Number         0  entry7b.o ABSOLUTE
    ../clib/microlib/init/entry.s            0x00000000   Number         0  entry9a.o ABSOLUTE
    ../clib/microlib/init/entry.s            0x00000000   Number         0  entry8b.o ABSOLUTE
    ../clib/microlib/init/entry.s            0x00000000   Number         0  entry8a.o ABSOLUTE
    ../clib/microlib/init/entry.s            0x00000000   Number         0  entry11a.o ABSOLUTE
    ../clib/microlib/init/entry.s            0x00000000   Number         0  entry11b.o ABSOLUTE
    ../clib/microlib/init/entry.s            0x00000000   Number         0  entry5.o ABSOLUTE
    ../clib/microlib/init/entry.s            0x00000000   Number         0  entry10b.o ABSOLUTE
    ../clib/microlib/init/entry.s            0x00000000   Number         0  entry10a.o ABSOLUTE
    ../clib/microlib/init/entry.s            0x00000000   Number         0  entry7a.o ABSOLUTE
    ../clib/microlib/longlong.c              0x00000000   Number         0  llsshr.o ABSOLUTE
    ../clib/microlib/longlong.c              0x00000000   Number         0  llshl.o ABSOLUTE
    ../clib/microlib/longlong.c              0x00000000   Number         0  llushr.o ABSOLUTE
    ../clib/microlib/printf/printf.c         0x00000000   Number         0  printf5.o ABSOLUTE
    ../clib/microlib/printf/printf.c         0x00000000   Number         0  printf1.o ABSOLUTE
    ../clib/microlib/printf/printf.c         0x00000000   Number         0  printf0.o ABSOLUTE
    ../clib/microlib/printf/printf.c         0x00000000   Number         0  printf4.o ABSOLUTE
    ../clib/microlib/printf/printf.c         0x00000000   Number         0  printfb.o ABSOLUTE
    ../clib/microlib/printf/printf.c         0x00000000   Number         0  printf2.o ABSOLUTE
    ../clib/microlib/printf/printf.c         0x00000000   Number         0  printf6.o ABSOLUTE
    ../clib/microlib/printf/printf.c         0x00000000   Number         0  printf8.o ABSOLUTE
    ../clib/microlib/printf/printf.c         0x00000000   Number         0  printf7.o ABSOLUTE
    ../clib/microlib/printf/printf.c         0x00000000   Number         0  printf3.o ABSOLUTE
    ../clib/microlib/printf/printf.c         0x00000000   Number         0  printfa.o ABSOLUTE
    ../clib/microlib/printf/stubs.s          0x00000000   Number         0  stubs.o ABSOLUTE
    ../clib/microlib/stdio/streams.c         0x00000000   Number         0  stdout.o ABSOLUTE
    ../clib/microlib/string/memcpy.c         0x00000000   Number         0  memcpyb.o ABSOLUTE
    ../clib/microlib/string/memcpy.c         0x00000000   Number         0  memcpya.o ABSOLUTE
    ../clib/microlib/string/memset.c         0x00000000   Number         0  memseta.o ABSOLUTE
    ../clib/microlib/stubs.s                 0x00000000   Number         0  iusefp.o ABSOLUTE
    ../fplib/microlib/fpadd.c                0x00000000   Number         0  dadd.o ABSOLUTE
    ../fplib/microlib/fpdiv.c                0x00000000   Number         0  ddiv.o ABSOLUTE
    ../fplib/microlib/fpepilogue.c           0x00000000   Number         0  depilogue.o ABSOLUTE
    ../fplib/microlib/fpfix.c                0x00000000   Number         0  dfixul.o ABSOLUTE
    ../fplib/microlib/fpmul.c                0x00000000   Number         0  dmul.o ABSOLUTE
    ..\Drivers\STM32F0xx_HAL_Driver\Src\stm32f0xx_hal.c 0x00000000   Number         0  stm32f0xx_hal.o ABSOLUTE
    ..\Drivers\STM32F0xx_HAL_Driver\Src\stm32f0xx_hal_cortex.c 0x00000000   Number         0  stm32f0xx_hal_cortex.o ABSOLUTE
    ..\Drivers\STM32F0xx_HAL_Driver\Src\stm32f0xx_hal_dma.c 0x00000000   Number         0  stm32f0xx_hal_dma.o ABSOLUTE
    ..\Drivers\STM32F0xx_HAL_Driver\Src\stm32f0xx_hal_flash.c 0x00000000   Number         0  stm32f0xx_hal_flash.o ABSOLUTE
    ..\Drivers\STM32F0xx_HAL_Driver\Src\stm32f0xx_hal_flash_ex.c 0x00000000   Number         0  stm32f0xx_hal_flash_ex.o ABSOLUTE
    ..\Drivers\STM32F0xx_HAL_Driver\Src\stm32f0xx_hal_gpio.c 0x00000000   Number         0  stm32f0xx_hal_gpio.o ABSOLUTE
    ..\Drivers\STM32F0xx_HAL_Driver\Src\stm32f0xx_hal_i2c.c 0x00000000   Number         0  stm32f0xx_hal_i2c.o ABSOLUTE
    ..\Drivers\STM32F0xx_HAL_Driver\Src\stm32f0xx_hal_i2c_ex.c 0x00000000   Number         0  stm32f0xx_hal_i2c_ex.o ABSOLUTE
    ..\Drivers\STM32F0xx_HAL_Driver\Src\stm32f0xx_hal_pwr.c 0x00000000   Number         0  stm32f0xx_hal_pwr.o ABSOLUTE
    ..\Drivers\STM32F0xx_HAL_Driver\Src\stm32f0xx_hal_pwr_ex.c 0x00000000   Number         0  stm32f0xx_hal_pwr_ex.o ABSOLUTE
    ..\Drivers\STM32F0xx_HAL_Driver\Src\stm32f0xx_hal_rcc.c 0x00000000   Number         0  stm32f0xx_hal_rcc.o ABSOLUTE
    ..\Drivers\STM32F0xx_HAL_Driver\Src\stm32f0xx_hal_rcc_ex.c 0x00000000   Number         0  stm32f0xx_hal_rcc_ex.o ABSOLUTE
    ..\Drivers\STM32F0xx_HAL_Driver\Src\stm32f0xx_hal_tim.c 0x00000000   Number         0  stm32f0xx_hal_tim.o ABSOLUTE
    ..\Drivers\STM32F0xx_HAL_Driver\Src\stm32f0xx_hal_tim_ex.c 0x00000000   Number         0  stm32f0xx_hal_tim_ex.o ABSOLUTE
    ..\Drivers\STM32F0xx_HAL_Driver\Src\stm32f0xx_hal_uart.c 0x00000000   Number         0  stm32f0xx_hal_uart.o ABSOLUTE
    ..\Drivers\STM32F0xx_HAL_Driver\Src\stm32f0xx_hal_uart_ex.c 0x00000000   Number         0  stm32f0xx_hal_uart_ex.o ABSOLUTE
    ..\Middlewares\Third_Party\FreeRTOS\Source\CMSIS_RTOS\cmsis_os.c 0x00000000   Number         0  cmsis_os.o ABSOLUTE
    ..\Middlewares\Third_Party\FreeRTOS\Source\portable\RVDS\ARM_CM0\port.c 0x00000000   Number         0  port.o ABSOLUTE
    ..\Src\main.c                            0x00000000   Number         0  main.o ABSOLUTE
    ..\Src\stm32f0xx_hal_msp.c               0x00000000   Number         0  stm32f0xx_hal_msp.o ABSOLUTE
    ..\Src\stm32f0xx_it.c                    0x00000000   Number         0  stm32f0xx_it.o ABSOLUTE
    ..\\Src\system_stm32f0xx.c               0x00000000   Number         0  system_stm32f0xx.o ABSOLUTE
    cdrcmple.s                               0x00000000   Number         0  cdrcmple.o ABSOLUTE
    dc.s                                     0x00000000   Number         0  dc.o ABSOLUTE
    handlers.s                               0x00000000   Number         0  handlers.o ABSOLUTE
    init.s                                   0x00000000   Number         0  init.o ABSOLUTE
    startup_stm32f042x6.s                    0x00000000   Number         0  startup_stm32f042x6.o ABSOLUTE
    RESET                                    0x08000000   Section      192  startup_stm32f042x6.o(RESET)
    .ARM.Collect$$$$00000000                 0x080000c0   Section        0  entry.o(.ARM.Collect$$$$00000000)
    .ARM.Collect$$$$00000001                 0x080000c0   Section        4  entry2.o(.ARM.Collect$$$$00000001)
    .ARM.Collect$$$$00000004                 0x080000c4   Section        4  entry5.o(.ARM.Collect$$$$00000004)
    .ARM.Collect$$$$00000008                 0x080000c8   Section        0  entry7b.o(.ARM.Collect$$$$00000008)
    .ARM.Collect$$$$0000000A                 0x080000c8   Section        0  entry8b.o(.ARM.Collect$$$$0000000A)
    .ARM.Collect$$$$0000000B                 0x080000c8   Section        8  entry9a.o(.ARM.Collect$$$$0000000B)
    .ARM.Collect$$$$0000000D                 0x080000d0   Section        0  entry10a.o(.ARM.Collect$$$$0000000D)
    .ARM.Collect$$$$0000000F                 0x080000d0   Section        0  entry11a.o(.ARM.Collect$$$$0000000F)
    .ARM.Collect$$$$00002712                 0x080000d0   Section        4  entry2.o(.ARM.Collect$$$$00002712)
    __lit__00000000                          0x080000d0   Data           4  entry2.o(.ARM.Collect$$$$00002712)
    .emb_text                                0x080000d4   Section      120  port.o(.emb_text)
    .text                                    0x0800014c   Section       88  startup_stm32f042x6.o(.text)
    .text                                    0x080001a4   Section        0  uidiv.o(.text)
    .text                                    0x080001d0   Section        0  memcpya.o(.text)
    .text                                    0x080001f4   Section       36  init.o(.text)
    i.DMA1_Channel4_5_IRQHandler             0x08000218   Section        0  stm32f0xx_it.o(i.DMA1_Channel4_5_IRQHandler)
    i.DMA_CalcBaseAndBitshift                0x08000230   Section        0  stm32f0xx_hal_dma.o(i.DMA_CalcBaseAndBitshift)
    DMA_CalcBaseAndBitshift                  0x08000231   Thumb Code    28  stm32f0xx_hal_dma.o(i.DMA_CalcBaseAndBitshift)
    i.DMA_SetConfig                          0x08000250   Section        0  stm32f0xx_hal_dma.o(i.DMA_SetConfig)
    DMA_SetConfig                            0x08000251   Thumb Code    42  stm32f0xx_hal_dma.o(i.DMA_SetConfig)
    i.EXTI4_15_IRQHandler                    0x0800027a   Section        0  stm32f0xx_it.o(i.EXTI4_15_IRQHandler)
    i.HAL_DMA_Abort                          0x08000286   Section        0  stm32f0xx_hal_dma.o(i.HAL_DMA_Abort)
    i.HAL_DMA_Abort_IT                       0x080002be   Section        0  stm32f0xx_hal_dma.o(i.HAL_DMA_Abort_IT)
    i.HAL_DMA_IRQHandler                     0x08000316   Section        0  stm32f0xx_hal_dma.o(i.HAL_DMA_IRQHandler)
    i.HAL_DMA_Init                           0x08000408   Section        0  stm32f0xx_hal_dma.o(i.HAL_DMA_Init)
    i.HAL_DMA_Start_IT                       0x0800046c   Section        0  stm32f0xx_hal_dma.o(i.HAL_DMA_Start_IT)
    i.HAL_GPIO_EXTI_Callback                 0x08000506   Section        0  stm32f0xx_hal_gpio.o(i.HAL_GPIO_EXTI_Callback)
    i.HAL_GPIO_EXTI_IRQHandler               0x08000508   Section        0  stm32f0xx_hal_gpio.o(i.HAL_GPIO_EXTI_IRQHandler)
    i.HAL_GPIO_Init                          0x08000528   Section        0  stm32f0xx_hal_gpio.o(i.HAL_GPIO_Init)
    i.HAL_GPIO_TogglePin                     0x08000708   Section        0  stm32f0xx_hal_gpio.o(i.HAL_GPIO_TogglePin)
    i.HAL_GPIO_WritePin                      0x08000710   Section        0  stm32f0xx_hal_gpio.o(i.HAL_GPIO_WritePin)
    i.HAL_GetTick                            0x0800071c   Section        0  stm32f0xx_hal.o(i.HAL_GetTick)
    i.HAL_I2CEx_ConfigAnalogFilter           0x08000728   Section        0  stm32f0xx_hal_i2c_ex.o(i.HAL_I2CEx_ConfigAnalogFilter)
    i.HAL_I2CEx_ConfigDigitalFilter          0x08000796   Section        0  stm32f0xx_hal_i2c_ex.o(i.HAL_I2CEx_ConfigDigitalFilter)
    i.HAL_I2C_AbortCpltCallback              0x08000808   Section        0  stm32f0xx_hal_i2c.o(i.HAL_I2C_AbortCpltCallback)
    i.HAL_I2C_AddrCallback                   0x0800080a   Section        0  stm32f0xx_hal_i2c.o(i.HAL_I2C_AddrCallback)
    i.HAL_I2C_ER_IRQHandler                  0x0800080c   Section        0  stm32f0xx_hal_i2c.o(i.HAL_I2C_ER_IRQHandler)
    i.HAL_I2C_EV_IRQHandler                  0x0800088c   Section        0  stm32f0xx_hal_i2c.o(i.HAL_I2C_EV_IRQHandler)
    i.HAL_I2C_ErrorCallback                  0x080008aa   Section        0  stm32f0xx_hal_i2c.o(i.HAL_I2C_ErrorCallback)
    i.HAL_I2C_Init                           0x080008ac   Section        0  stm32f0xx_hal_i2c.o(i.HAL_I2C_Init)
    i.HAL_I2C_ListenCpltCallback             0x08000980   Section        0  stm32f0xx_hal_i2c.o(i.HAL_I2C_ListenCpltCallback)
    i.HAL_I2C_MspInit                        0x08000984   Section        0  stm32f0xx_hal_msp.o(i.HAL_I2C_MspInit)
    i.HAL_I2C_SlaveRxCpltCallback            0x08000a10   Section        0  stm32f0xx_hal_i2c.o(i.HAL_I2C_SlaveRxCpltCallback)
    i.HAL_I2C_SlaveTxCpltCallback            0x08000a12   Section        0  stm32f0xx_hal_i2c.o(i.HAL_I2C_SlaveTxCpltCallback)
    i.HAL_IncTick                            0x08000a14   Section        0  stm32f0xx_hal.o(i.HAL_IncTick)
    i.HAL_Init                               0x08000a24   Section        0  stm32f0xx_hal.o(i.HAL_Init)
    i.HAL_InitTick                           0x08000a44   Section        0  stm32f0xx_hal.o(i.HAL_InitTick)
    i.HAL_MspInit                            0x08000a6c   Section        0  stm32f0xx_hal_msp.o(i.HAL_MspInit)
    i.HAL_NVIC_EnableIRQ                     0x08000acc   Section        0  stm32f0xx_hal_cortex.o(i.HAL_NVIC_EnableIRQ)
    i.HAL_NVIC_SetPriority                   0x08000ae4   Section        0  stm32f0xx_hal_cortex.o(i.HAL_NVIC_SetPriority)
    i.HAL_RCCEx_PeriphCLKConfig              0x08000af8   Section        0  stm32f0xx_hal_rcc_ex.o(i.HAL_RCCEx_PeriphCLKConfig)
    i.HAL_RCC_ClockConfig                    0x08000c80   Section        0  stm32f0xx_hal_rcc.o(i.HAL_RCC_ClockConfig)
    i.HAL_RCC_GetHCLKFreq                    0x08000e50   Section        0  stm32f0xx_hal_rcc.o(i.HAL_RCC_GetHCLKFreq)
    i.HAL_RCC_GetPCLK1Freq                   0x08000e5c   Section        0  stm32f0xx_hal_rcc.o(i.HAL_RCC_GetPCLK1Freq)
    i.HAL_RCC_GetSysClockFreq                0x08000e80   Section        0  stm32f0xx_hal_rcc.o(i.HAL_RCC_GetSysClockFreq)
    i.HAL_RCC_OscConfig                      0x08000f70   Section        0  stm32f0xx_hal_rcc.o(i.HAL_RCC_OscConfig)
    i.HAL_SYSTICK_CLKSourceConfig            0x08001570   Section        0  stm32f0xx_hal_cortex.o(i.HAL_SYSTICK_CLKSourceConfig)
    i.HAL_SYSTICK_Config                     0x08001594   Section        0  stm32f0xx_hal_cortex.o(i.HAL_SYSTICK_Config)
    i.HAL_UARTEx_WakeupCallback              0x080015cc   Section        0  stm32f0xx_hal_uart_ex.o(i.HAL_UARTEx_WakeupCallback)
    i.HAL_UART_DMAStop                       0x080015ce   Section        0  stm32f0xx_hal_uart.o(i.HAL_UART_DMAStop)
    i.HAL_UART_ErrorCallback                 0x08001636   Section        0  stm32f0xx_hal_uart.o(i.HAL_UART_ErrorCallback)
    i.HAL_UART_IRQHandler                    0x08001638   Section        0  stm32f0xx_hal_uart.o(i.HAL_UART_IRQHandler)
    i.HAL_UART_Init                          0x080017f8   Section        0  stm32f0xx_hal_uart.o(i.HAL_UART_Init)
    i.HAL_UART_MspInit                       0x0800187c   Section        0  stm32f0xx_hal_msp.o(i.HAL_UART_MspInit)
    i.HAL_UART_Receive_DMA                   0x080019e0   Section        0  stm32f0xx_hal_uart.o(i.HAL_UART_Receive_DMA)
    i.HAL_UART_Receive_IT                    0x08001aac   Section        0  stm32f0xx_hal_uart.o(i.HAL_UART_Receive_IT)
    i.HAL_UART_RxCpltCallback                0x08001b98   Section        0  main.o(i.HAL_UART_RxCpltCallback)
    i.HAL_UART_RxHalfCpltCallback            0x08001c18   Section        0  stm32f0xx_hal_uart.o(i.HAL_UART_RxHalfCpltCallback)
    i.HAL_UART_Transmit                      0x08001c1a   Section        0  stm32f0xx_hal_uart.o(i.HAL_UART_Transmit)
    i.HAL_UART_TxCpltCallback                0x08001d0a   Section        0  stm32f0xx_hal_uart.o(i.HAL_UART_TxCpltCallback)
    i.I2C1_IRQHandler                        0x08001d0c   Section        0  stm32f0xx_it.o(i.I2C1_IRQHandler)
    i.I2C_DMAAbort                           0x08001d34   Section        0  stm32f0xx_hal_i2c.o(i.I2C_DMAAbort)
    I2C_DMAAbort                             0x08001d35   Thumb Code    60  stm32f0xx_hal_i2c.o(i.I2C_DMAAbort)
    i.I2C_Disable_IRQ                        0x08001d70   Section        0  stm32f0xx_hal_i2c.o(i.I2C_Disable_IRQ)
    I2C_Disable_IRQ                          0x08001d71   Thumb Code   126  stm32f0xx_hal_i2c.o(i.I2C_Disable_IRQ)
    i.I2C_Flush_TXDR                         0x08001dee   Section        0  stm32f0xx_hal_i2c.o(i.I2C_Flush_TXDR)
    I2C_Flush_TXDR                           0x08001def   Thumb Code    50  stm32f0xx_hal_i2c.o(i.I2C_Flush_TXDR)
    i.I2C_ITAddrCplt                         0x08001e20   Section        0  stm32f0xx_hal_i2c.o(i.I2C_ITAddrCplt)
    I2C_ITAddrCplt                           0x08001e21   Thumb Code   214  stm32f0xx_hal_i2c.o(i.I2C_ITAddrCplt)
    i.I2C_ITError                            0x08001ef8   Section        0  stm32f0xx_hal_i2c.o(i.I2C_ITError)
    I2C_ITError                              0x08001ef9   Thumb Code   268  stm32f0xx_hal_i2c.o(i.I2C_ITError)
    i.I2C_ITListenCplt                       0x08002010   Section        0  stm32f0xx_hal_i2c.o(i.I2C_ITListenCplt)
    I2C_ITListenCplt                         0x08002011   Thumb Code   110  stm32f0xx_hal_i2c.o(i.I2C_ITListenCplt)
    i.I2C_ITSlaveCplt                        0x08002084   Section        0  stm32f0xx_hal_i2c.o(i.I2C_ITSlaveCplt)
    I2C_ITSlaveCplt                          0x08002085   Thumb Code   308  stm32f0xx_hal_i2c.o(i.I2C_ITSlaveCplt)
    i.I2C_ITSlaveSequentialCplt              0x080021c0   Section        0  stm32f0xx_hal_i2c.o(i.I2C_ITSlaveSequentialCplt)
    I2C_ITSlaveSequentialCplt                0x080021c1   Thumb Code    98  stm32f0xx_hal_i2c.o(i.I2C_ITSlaveSequentialCplt)
    i.I2C_Slave_ISR_IT                       0x08002224   Section        0  stm32f0xx_hal_i2c.o(i.I2C_Slave_ISR_IT)
    I2C_Slave_ISR_IT                         0x08002225   Thumb Code   348  stm32f0xx_hal_i2c.o(i.I2C_Slave_ISR_IT)
    i.MX_DMA_Init                            0x08002384   Section        0  main.o(i.MX_DMA_Init)
    MX_DMA_Init                              0x08002385   Thumb Code    48  main.o(i.MX_DMA_Init)
    i.MX_GPIO_Init                           0x080023b8   Section        0  main.o(i.MX_GPIO_Init)
    MX_GPIO_Init                             0x080023b9   Thumb Code   194  main.o(i.MX_GPIO_Init)
    i.MX_I2C1_Init                           0x08002488   Section        0  main.o(i.MX_I2C1_Init)
    MX_I2C1_Init                             0x08002489   Thumb Code    98  main.o(i.MX_I2C1_Init)
    i.MX_USART1_UART_Init                    0x08002508   Section        0  main.o(i.MX_USART1_UART_Init)
    MX_USART1_UART_Init                      0x08002509   Thumb Code    64  main.o(i.MX_USART1_UART_Init)
    i.MX_USART2_UART_Init                    0x08002560   Section        0  main.o(i.MX_USART2_UART_Init)
    MX_USART2_UART_Init                      0x08002561   Thumb Code    64  main.o(i.MX_USART2_UART_Init)
    i.NVIC_SetPriority                       0x080025b8   Section        0  stm32f0xx_hal_cortex.o(i.NVIC_SetPriority)
    NVIC_SetPriority                         0x080025b9   Thumb Code   110  stm32f0xx_hal_cortex.o(i.NVIC_SetPriority)
    i.SVC_Handler                            0x08002630   Section        0  port.o(i.SVC_Handler)
    i.StartDefaultTask                       0x08002632   Section        0  main.o(i.StartDefaultTask)
    i.StartTask02led                         0x0800263c   Section        0  main.o(i.StartTask02led)
    i.StartTask03print                       0x08002654   Section        0  main.o(i.StartTask03print)
    i.SysTick_Handler                        0x08002670   Section        0  stm32f0xx_it.o(i.SysTick_Handler)
    i.SystemClock_Config                     0x0800267c   Section        0  main.o(i.SystemClock_Config)
    i.SystemInit                             0x08002718   Section        0  system_stm32f0xx.o(i.SystemInit)
    i.UART_AdvFeatureConfig                  0x0800278c   Section        0  stm32f0xx_hal_uart.o(i.UART_AdvFeatureConfig)
    i.UART_CheckIdleState                    0x0800287c   Section        0  stm32f0xx_hal_uart.o(i.UART_CheckIdleState)
    i.UART_DMAAbortOnError                   0x080028fc   Section        0  stm32f0xx_hal_uart.o(i.UART_DMAAbortOnError)
    UART_DMAAbortOnError                     0x080028fd   Thumb Code    24  stm32f0xx_hal_uart.o(i.UART_DMAAbortOnError)
    i.UART_DMAError                          0x08002914   Section        0  stm32f0xx_hal_uart.o(i.UART_DMAError)
    UART_DMAError                            0x08002915   Thumb Code    86  stm32f0xx_hal_uart.o(i.UART_DMAError)
    i.UART_DMAReceiveCplt                    0x0800296a   Section        0  stm32f0xx_hal_uart.o(i.UART_DMAReceiveCplt)
    UART_DMAReceiveCplt                      0x0800296b   Thumb Code    76  stm32f0xx_hal_uart.o(i.UART_DMAReceiveCplt)
    i.UART_DMARxHalfCplt                     0x080029b6   Section        0  stm32f0xx_hal_uart.o(i.UART_DMARxHalfCplt)
    UART_DMARxHalfCplt                       0x080029b7   Thumb Code    14  stm32f0xx_hal_uart.o(i.UART_DMARxHalfCplt)
    i.UART_EndRxTransfer                     0x080029c4   Section        0  stm32f0xx_hal_uart.o(i.UART_EndRxTransfer)
    UART_EndRxTransfer                       0x080029c5   Thumb Code    34  stm32f0xx_hal_uart.o(i.UART_EndRxTransfer)
    i.UART_EndTransmit_IT                    0x080029e6   Section        0  stm32f0xx_hal_uart.o(i.UART_EndTransmit_IT)
    i.UART_EndTxTransfer                     0x08002a06   Section        0  stm32f0xx_hal_uart.o(i.UART_EndTxTransfer)
    UART_EndTxTransfer                       0x08002a07   Thumb Code    20  stm32f0xx_hal_uart.o(i.UART_EndTxTransfer)
    i.UART_Receive_IT                        0x08002a1a   Section        0  stm32f0xx_hal_uart.o(i.UART_Receive_IT)
    i.UART_SetConfig                         0x08002aa8   Section        0  stm32f0xx_hal_uart.o(i.UART_SetConfig)
    i.UART_Transmit_IT                       0x08002c8c   Section        0  stm32f0xx_hal_uart.o(i.UART_Transmit_IT)
    i.UART_WaitOnFlagUntilTimeout            0x08002cfe   Section        0  stm32f0xx_hal_uart.o(i.UART_WaitOnFlagUntilTimeout)
    i.USART1_IRQHandler                      0x08002d70   Section        0  stm32f0xx_it.o(i.USART1_IRQHandler)
    i.USART2_IRQHandler                      0x08002d80   Section        0  stm32f0xx_it.o(i.USART2_IRQHandler)
    i._Error_Handler                         0x08002ddc   Section        0  main.o(i._Error_Handler)
    i.__0printf$2                            0x08002de0   Section        0  printf2.o(i.__0printf$2)
    i.__scatterload_copy                     0x08002e00   Section       14  handlers.o(i.__scatterload_copy)
    i.__scatterload_null                     0x08002e0e   Section        2  handlers.o(i.__scatterload_null)
    i.__scatterload_zeroinit                 0x08002e10   Section       14  handlers.o(i.__scatterload_zeroinit)
    i._printf_core                           0x08002e1e   Section        0  printf2.o(i._printf_core)
    _printf_core                             0x08002e1f   Thumb Code   210  printf2.o(i._printf_core)
    i.fputc                                  0x08002ef0   Section        0  main.o(i.fputc)
    i.huart1_receive_message_Handle          0x08002f0c   Section        0  main.o(i.huart1_receive_message_Handle)
    i.main                                   0x08002f10   Section        0  main.o(i.main)
    i.makeFreeRtosPriority                   0x08002f8c   Section        0  cmsis_os.o(i.makeFreeRtosPriority)
    makeFreeRtosPriority                     0x08002f8d   Thumb Code    14  cmsis_os.o(i.makeFreeRtosPriority)
    i.osDelay                                0x08002f9a   Section        0  cmsis_os.o(i.osDelay)
    i.osKernelStart                          0x08002fb4   Section        0  cmsis_os.o(i.osKernelStart)
    i.osSystickHandler                       0x08002fbe   Section        0  cmsis_os.o(i.osSystickHandler)
    i.osThreadCreate                         0x08002fce   Section        0  cmsis_os.o(i.osThreadCreate)
    i.prvAddCurrentTaskToDelayedList         0x08003000   Section        0  tasks.o(i.prvAddCurrentTaskToDelayedList)
    prvAddCurrentTaskToDelayedList           0x08003001   Thumb Code   100  tasks.o(i.prvAddCurrentTaskToDelayedList)
    i.prvAddNewTaskToReadyList               0x0800307c   Section        0  tasks.o(i.prvAddNewTaskToReadyList)
    prvAddNewTaskToReadyList                 0x0800307d   Thumb Code   140  tasks.o(i.prvAddNewTaskToReadyList)
    i.prvCheckTasksWaitingTermination        0x08003120   Section        0  tasks.o(i.prvCheckTasksWaitingTermination)
    prvCheckTasksWaitingTermination          0x08003121   Thumb Code    90  tasks.o(i.prvCheckTasksWaitingTermination)
    i.prvDeleteTCB                           0x08003188   Section        0  tasks.o(i.prvDeleteTCB)
    prvDeleteTCB                             0x08003189   Thumb Code    18  tasks.o(i.prvDeleteTCB)
    i.prvHeapInit                            0x0800319c   Section        0  heap_4.o(i.prvHeapInit)
    prvHeapInit                              0x0800319d   Thumb Code   100  heap_4.o(i.prvHeapInit)
    i.prvIdleTask                            0x08003218   Section        0  tasks.o(i.prvIdleTask)
    prvIdleTask                              0x08003219   Thumb Code    20  tasks.o(i.prvIdleTask)
    i.prvInitialiseNewTask                   0x08003230   Section        0  tasks.o(i.prvInitialiseNewTask)
    prvInitialiseNewTask                     0x08003231   Thumb Code   164  tasks.o(i.prvInitialiseNewTask)
    i.prvInitialiseTaskLists                 0x080032d4   Section        0  tasks.o(i.prvInitialiseTaskLists)
    prvInitialiseTaskLists                   0x080032d5   Thumb Code    68  tasks.o(i.prvInitialiseTaskLists)
    i.prvInsertBlockIntoFreeList             0x08003338   Section        0  heap_4.o(i.prvInsertBlockIntoFreeList)
    prvInsertBlockIntoFreeList               0x08003339   Thumb Code    96  heap_4.o(i.prvInsertBlockIntoFreeList)
    i.prvResetNextTaskUnblockTime            0x080033a0   Section        0  tasks.o(i.prvResetNextTaskUnblockTime)
    prvResetNextTaskUnblockTime              0x080033a1   Thumb Code    46  tasks.o(i.prvResetNextTaskUnblockTime)
    i.prvTaskExitError                       0x080033d8   Section        0  port.o(i.prvTaskExitError)
    prvTaskExitError                         0x080033d9   Thumb Code    32  port.o(i.prvTaskExitError)
    i.pvPortMalloc                           0x080033fc   Section        0  heap_4.o(i.pvPortMalloc)
    i.pxPortInitialiseStack                  0x08003518   Section        0  port.o(i.pxPortInitialiseStack)
    i.uartdamget                             0x08003538   Section        0  main.o(i.uartdamget)
    i.uxListRemove                           0x08003598   Section        0  list.o(i.uxListRemove)
    i.vListInitialise                        0x080035c0   Section        0  list.o(i.vListInitialise)
    i.vListInitialiseItem                    0x080035da   Section        0  list.o(i.vListInitialiseItem)
    i.vListInsert                            0x080035e0   Section        0  list.o(i.vListInsert)
    i.vListInsertEnd                         0x08003616   Section        0  list.o(i.vListInsertEnd)
    i.vPortEnterCritical                     0x08003630   Section        0  port.o(i.vPortEnterCritical)
    i.vPortExitCritical                      0x0800364c   Section        0  port.o(i.vPortExitCritical)
    i.vPortFree                              0x08003674   Section        0  heap_4.o(i.vPortFree)
    i.vPortSetupTimerInterrupt               0x080036f4   Section        0  port.o(i.vPortSetupTimerInterrupt)
    i.vPortYield                             0x08003718   Section        0  port.o(i.vPortYield)
    i.vTaskDelay                             0x08003730   Section        0  tasks.o(i.vTaskDelay)
    i.vTaskStartScheduler                    0x08003774   Section        0  tasks.o(i.vTaskStartScheduler)
    i.vTaskSuspendAll                        0x080037e0   Section        0  tasks.o(i.vTaskSuspendAll)
    i.vTaskSwitchContext                     0x080037f0   Section        0  tasks.o(i.vTaskSwitchContext)
    i.xPortStartScheduler                    0x08003870   Section        0  port.o(i.xPortStartScheduler)
    i.xPortSysTickHandler                    0x080038a8   Section        0  port.o(i.xPortSysTickHandler)
    i.xTaskCreate                            0x080038cc   Section        0  tasks.o(i.xTaskCreate)
    i.xTaskGetSchedulerState                 0x08003928   Section        0  tasks.o(i.xTaskGetSchedulerState)
    i.xTaskIncrementTick                     0x0800394c   Section        0  tasks.o(i.xTaskIncrementTick)
    i.xTaskResumeAll                         0x08003a88   Section        0  tasks.o(i.xTaskResumeAll)
    .constdata                               0x08003b78   Section       24  system_stm32f0xx.o(.constdata)
    .constdata                               0x08003b90   Section       60  main.o(.constdata)
    .conststring                             0x08003bcc   Section       38  main.o(.conststring)
    .data                                    0x20000000   Section        4  system_stm32f0xx.o(.data)
    .data                                    0x20000004   Section        4  stm32f0xx_hal.o(.data)
    .data                                    0x20000008   Section       24  main.o(.data)
    .data                                    0x20000020   Section       24  heap_4.o(.data)
    xStart                                   0x20000020   Data           8  heap_4.o(.data)
    pxEnd                                    0x20000028   Data           4  heap_4.o(.data)
    xFreeBytesRemaining                      0x2000002c   Data           4  heap_4.o(.data)
    xMinimumEverFreeBytesRemaining           0x20000030   Data           4  heap_4.o(.data)
    xBlockAllocatedBit                       0x20000034   Data           4  heap_4.o(.data)
    .data                                    0x20000038   Section        4  port.o(.data)
    uxCriticalNesting                        0x20000038   Data           4  port.o(.data)
    .data                                    0x2000003c   Section       60  tasks.o(.data)
    pxDelayedTaskList                        0x20000040   Data           4  tasks.o(.data)
    pxOverflowDelayedTaskList                0x20000044   Data           4  tasks.o(.data)
    uxDeletedTasksWaitingCleanUp             0x20000048   Data           4  tasks.o(.data)
    uxCurrentNumberOfTasks                   0x2000004c   Data           4  tasks.o(.data)
    xTickCount                               0x20000050   Data           4  tasks.o(.data)
    uxTopReadyPriority                       0x20000054   Data           4  tasks.o(.data)
    xSchedulerRunning                        0x20000058   Data           4  tasks.o(.data)
    uxPendedTicks                            0x2000005c   Data           4  tasks.o(.data)
    xYieldPending                            0x20000060   Data           4  tasks.o(.data)
    xNumOfOverflows                          0x20000064   Data           4  tasks.o(.data)
    uxTaskNumber                             0x20000068   Data           4  tasks.o(.data)
    xNextTaskUnblockTime                     0x2000006c   Data           4  tasks.o(.data)
    xIdleTaskHandle                          0x20000070   Data           4  tasks.o(.data)
    uxSchedulerSuspended                     0x20000074   Data           4  tasks.o(.data)
    .data                                    0x20000078   Section        4  stdout.o(.data)
    .bss                                     0x2000007c   Section      991  main.o(.bss)
    .bss                                     0x2000045b   Section     3072  heap_4.o(.bss)
    ucHeap                                   0x2000045b   Data        3072  heap_4.o(.bss)
    .bss                                     0x2000105c   Section      240  tasks.o(.bss)
    pxReadyTasksLists                        0x2000105c   Data         140  tasks.o(.bss)
    xDelayedTaskList1                        0x200010e8   Data          20  tasks.o(.bss)
    xDelayedTaskList2                        0x200010fc   Data          20  tasks.o(.bss)
    xPendingReadyList                        0x20001110   Data          20  tasks.o(.bss)
    xTasksWaitingTermination                 0x20001124   Data          20  tasks.o(.bss)
    xSuspendedTaskList                       0x20001138   Data          20  tasks.o(.bss)
    STACK                                    0x20001150   Section     1024  startup_stm32f042x6.o(STACK)

    Global Symbols

    Symbol Name                              Value     Ov Type        Size  Object(Section)

    BuildAttributes$$THM_ISAv3M$S$PE$A:L22$X:L11$S22$IEEE1$IW$USESV6$~STKCKD$USESV7$~SHL$OSPACE$ROPI$EBA8$MICROLIB$REQ8$PRES8$EABIv2 0x00000000   Number         0  anon$$obj.o ABSOLUTE
    __ARM_use_no_argv                        0x00000000   Number         0  main.o ABSOLUTE
    _printf_a                                0x00000000   Number         0  stubs.o ABSOLUTE
    _printf_c                                0x00000000   Number         0  stubs.o ABSOLUTE
    _printf_charcount                        0x00000000   Number         0  stubs.o ABSOLUTE
    _printf_d                                0x00000000   Number         0  stubs.o ABSOLUTE
    _printf_e                                0x00000000   Number         0  stubs.o ABSOLUTE
    _printf_f                                0x00000000   Number         0  stubs.o ABSOLUTE
    _printf_flags                            0x00000000   Number         0  stubs.o ABSOLUTE
    _printf_fp_dec                           0x00000000   Number         0  stubs.o ABSOLUTE
    _printf_fp_hex                           0x00000000   Number         0  stubs.o ABSOLUTE
    _printf_g                                0x00000000   Number         0  stubs.o ABSOLUTE
    _printf_i                                0x00000000   Number         0  stubs.o ABSOLUTE
    _printf_int_dec                          0x00000000   Number         0  stubs.o ABSOLUTE
    _printf_l                                0x00000000   Number         0  stubs.o ABSOLUTE
    _printf_lc                               0x00000000   Number         0  stubs.o ABSOLUTE
    _printf_ll                               0x00000000   Number         0  stubs.o ABSOLUTE
    _printf_lld                              0x00000000   Number         0  stubs.o ABSOLUTE
    _printf_lli                              0x00000000   Number         0  stubs.o ABSOLUTE
    _printf_llo                              0x00000000   Number         0  stubs.o ABSOLUTE
    _printf_llu                              0x00000000   Number         0  stubs.o ABSOLUTE
    _printf_llx                              0x00000000   Number         0  stubs.o ABSOLUTE
    _printf_longlong_dec                     0x00000000   Number         0  stubs.o ABSOLUTE
    _printf_longlong_hex                     0x00000000   Number         0  stubs.o ABSOLUTE
    _printf_longlong_oct                     0x00000000   Number         0  stubs.o ABSOLUTE
    _printf_ls                               0x00000000   Number         0  stubs.o ABSOLUTE
    _printf_mbtowc                           0x00000000   Number         0  stubs.o ABSOLUTE
    _printf_n                                0x00000000   Number         0  stubs.o ABSOLUTE
    _printf_o                                0x00000000   Number         0  stubs.o ABSOLUTE
    _printf_p                                0x00000000   Number         0  stubs.o ABSOLUTE
    _printf_percent                          0x00000000   Number         0  stubs.o ABSOLUTE
    _printf_pre_padding                      0x00000000   Number         0  stubs.o ABSOLUTE
    _printf_return_value                     0x00000000   Number         0  stubs.o ABSOLUTE
    _printf_s                                0x00000000   Number         0  stubs.o ABSOLUTE
    _printf_sizespec                         0x00000000   Number         0  stubs.o ABSOLUTE
    _printf_str                              0x00000000   Number         0  stubs.o ABSOLUTE
    _printf_truncate_signed                  0x00000000   Number         0  stubs.o ABSOLUTE
    _printf_truncate_unsigned                0x00000000   Number         0  stubs.o ABSOLUTE
    _printf_u                                0x00000000   Number         0  stubs.o ABSOLUTE
    _printf_wc                               0x00000000   Number         0  stubs.o ABSOLUTE
    _printf_wctomb                           0x00000000   Number         0  stubs.o ABSOLUTE
    _printf_widthprec                        0x00000000   Number         0  stubs.o ABSOLUTE
    _printf_x                                0x00000000   Number         0  stubs.o ABSOLUTE
    __cpp_initialize__aeabi_                  - Undefined Weak Reference
    __cxa_finalize                            - Undefined Weak Reference
    __decompress                              - Undefined Weak Reference
    _clock_init                               - Undefined Weak Reference
    _microlib_exit                            - Undefined Weak Reference
    __Vectors_Size                           0x000000c0   Number         0  startup_stm32f042x6.o ABSOLUTE
    __Vectors                                0x08000000   Data           4  startup_stm32f042x6.o(RESET)
    __Vectors_End                            0x080000c0   Data           0  startup_stm32f042x6.o(RESET)
    __main                                   0x080000c1   Thumb Code     0  entry.o(.ARM.Collect$$$$00000000)
    _main_stk                                0x080000c1   Thumb Code     0  entry2.o(.ARM.Collect$$$$00000001)
    _main_scatterload                        0x080000c5   Thumb Code     0  entry5.o(.ARM.Collect$$$$00000004)
    __main_after_scatterload                 0x080000c9   Thumb Code     0  entry5.o(.ARM.Collect$$$$00000004)
    _main_clock                              0x080000c9   Thumb Code     0  entry7b.o(.ARM.Collect$$$$00000008)
    _main_cpp_init                           0x080000c9   Thumb Code     0  entry8b.o(.ARM.Collect$$$$0000000A)
    _main_init                               0x080000c9   Thumb Code     0  entry9a.o(.ARM.Collect$$$$0000000B)
    __rt_final_cpp                           0x080000d1   Thumb Code     0  entry10a.o(.ARM.Collect$$$$0000000D)
    __rt_final_exit                          0x080000d1   Thumb Code     0  entry11a.o(.ARM.Collect$$$$0000000F)
    __asm___6_port_c_39a90d8d__prvPortStartFirstTask 0x080000d5   Thumb Code    36  port.o(.emb_text)
    ulSetInterruptMaskFromISR                0x080000fd   Thumb Code     8  port.o(.emb_text)
    vClearInterruptMaskFromISR               0x08000105   Thumb Code     6  port.o(.emb_text)
    PendSV_Handler                           0x0800010b   Thumb Code    62  port.o(.emb_text)
    Reset_Handler                            0x0800014d   Thumb Code    38  startup_stm32f042x6.o(.text)
    NMI_Handler                              0x08000173   Thumb Code     2  startup_stm32f042x6.o(.text)
    HardFault_Handler                        0x08000175   Thumb Code     2  startup_stm32f042x6.o(.text)
    ADC1_IRQHandler                          0x0800017d   Thumb Code     0  startup_stm32f042x6.o(.text)
    CEC_CAN_IRQHandler                       0x0800017d   Thumb Code     0  startup_stm32f042x6.o(.text)
    DMA1_Channel1_IRQHandler                 0x0800017d   Thumb Code     0  startup_stm32f042x6.o(.text)
    DMA1_Channel2_3_IRQHandler               0x0800017d   Thumb Code     0  startup_stm32f042x6.o(.text)
    EXTI0_1_IRQHandler                       0x0800017d   Thumb Code     0  startup_stm32f042x6.o(.text)
    EXTI2_3_IRQHandler                       0x0800017d   Thumb Code     0  startup_stm32f042x6.o(.text)
    FLASH_IRQHandler                         0x0800017d   Thumb Code     0  startup_stm32f042x6.o(.text)
    PVD_VDDIO2_IRQHandler                    0x0800017d   Thumb Code     0  startup_stm32f042x6.o(.text)
    RCC_CRS_IRQHandler                       0x0800017d   Thumb Code     0  startup_stm32f042x6.o(.text)
    RTC_IRQHandler                           0x0800017d   Thumb Code     0  startup_stm32f042x6.o(.text)
    SPI1_IRQHandler                          0x0800017d   Thumb Code     0  startup_stm32f042x6.o(.text)
    SPI2_IRQHandler                          0x0800017d   Thumb Code     0  startup_stm32f042x6.o(.text)
    TIM14_IRQHandler                         0x0800017d   Thumb Code     0  startup_stm32f042x6.o(.text)
    TIM16_IRQHandler                         0x0800017d   Thumb Code     0  startup_stm32f042x6.o(.text)
    TIM17_IRQHandler                         0x0800017d   Thumb Code     0  startup_stm32f042x6.o(.text)
    TIM1_BRK_UP_TRG_COM_IRQHandler           0x0800017d   Thumb Code     0  startup_stm32f042x6.o(.text)
    TIM1_CC_IRQHandler                       0x0800017d   Thumb Code     0  startup_stm32f042x6.o(.text)
    TIM2_IRQHandler                          0x0800017d   Thumb Code     0  startup_stm32f042x6.o(.text)
    TIM3_IRQHandler                          0x0800017d   Thumb Code     0  startup_stm32f042x6.o(.text)
    TSC_IRQHandler                           0x0800017d   Thumb Code     0  startup_stm32f042x6.o(.text)
    USB_IRQHandler                           0x0800017d   Thumb Code     0  startup_stm32f042x6.o(.text)
    WWDG_IRQHandler                          0x0800017d   Thumb Code     0  startup_stm32f042x6.o(.text)
    __aeabi_uidiv                            0x080001a5   Thumb Code     0  uidiv.o(.text)
    __aeabi_uidivmod                         0x080001a5   Thumb Code    44  uidiv.o(.text)
    __aeabi_memcpy                           0x080001d1   Thumb Code    36  memcpya.o(.text)
    __aeabi_memcpy4                          0x080001d1   Thumb Code     0  memcpya.o(.text)
    __aeabi_memcpy8                          0x080001d1   Thumb Code     0  memcpya.o(.text)
    __scatterload                            0x080001f5   Thumb Code    28  init.o(.text)
    __scatterload_rt2                        0x080001f5   Thumb Code     0  init.o(.text)
    DMA1_Channel4_5_IRQHandler               0x08000219   Thumb Code    16  stm32f0xx_it.o(i.DMA1_Channel4_5_IRQHandler)
    EXTI4_15_IRQHandler                      0x0800027b   Thumb Code    12  stm32f0xx_it.o(i.EXTI4_15_IRQHandler)
    HAL_DMA_Abort                            0x08000287   Thumb Code    56  stm32f0xx_hal_dma.o(i.HAL_DMA_Abort)
    HAL_DMA_Abort_IT                         0x080002bf   Thumb Code    88  stm32f0xx_hal_dma.o(i.HAL_DMA_Abort_IT)
    HAL_DMA_IRQHandler                       0x08000317   Thumb Code   240  stm32f0xx_hal_dma.o(i.HAL_DMA_IRQHandler)
    HAL_DMA_Init                             0x08000409   Thumb Code    94  stm32f0xx_hal_dma.o(i.HAL_DMA_Init)
    HAL_DMA_Start_IT                         0x0800046d   Thumb Code   154  stm32f0xx_hal_dma.o(i.HAL_DMA_Start_IT)
    HAL_GPIO_EXTI_Callback                   0x08000507   Thumb Code     2  stm32f0xx_hal_gpio.o(i.HAL_GPIO_EXTI_Callback)
    HAL_GPIO_EXTI_IRQHandler                 0x08000509   Thumb Code    26  stm32f0xx_hal_gpio.o(i.HAL_GPIO_EXTI_IRQHandler)
    HAL_GPIO_Init                            0x08000529   Thumb Code   460  stm32f0xx_hal_gpio.o(i.HAL_GPIO_Init)
    HAL_GPIO_TogglePin                       0x08000709   Thumb Code     8  stm32f0xx_hal_gpio.o(i.HAL_GPIO_TogglePin)
    HAL_GPIO_WritePin                        0x08000711   Thumb Code    12  stm32f0xx_hal_gpio.o(i.HAL_GPIO_WritePin)
    HAL_GetTick                              0x0800071d   Thumb Code     6  stm32f0xx_hal.o(i.HAL_GetTick)
    HAL_I2CEx_ConfigAnalogFilter             0x08000729   Thumb Code   110  stm32f0xx_hal_i2c_ex.o(i.HAL_I2CEx_ConfigAnalogFilter)
    HAL_I2CEx_ConfigDigitalFilter            0x08000797   Thumb Code   114  stm32f0xx_hal_i2c_ex.o(i.HAL_I2CEx_ConfigDigitalFilter)
    HAL_I2C_AbortCpltCallback                0x08000809   Thumb Code     2  stm32f0xx_hal_i2c.o(i.HAL_I2C_AbortCpltCallback)
    HAL_I2C_AddrCallback                     0x0800080b   Thumb Code     2  stm32f0xx_hal_i2c.o(i.HAL_I2C_AddrCallback)
    HAL_I2C_ER_IRQHandler                    0x0800080d   Thumb Code   128  stm32f0xx_hal_i2c.o(i.HAL_I2C_ER_IRQHandler)
    HAL_I2C_EV_IRQHandler                    0x0800088d   Thumb Code    30  stm32f0xx_hal_i2c.o(i.HAL_I2C_EV_IRQHandler)
    HAL_I2C_ErrorCallback                    0x080008ab   Thumb Code     2  stm32f0xx_hal_i2c.o(i.HAL_I2C_ErrorCallback)
    HAL_I2C_Init                             0x080008ad   Thumb Code   208  stm32f0xx_hal_i2c.o(i.HAL_I2C_Init)
    HAL_I2C_ListenCpltCallback               0x08000981   Thumb Code     2  stm32f0xx_hal_i2c.o(i.HAL_I2C_ListenCpltCallback)
    HAL_I2C_MspInit                          0x08000985   Thumb Code   126  stm32f0xx_hal_msp.o(i.HAL_I2C_MspInit)
    HAL_I2C_SlaveRxCpltCallback              0x08000a11   Thumb Code     2  stm32f0xx_hal_i2c.o(i.HAL_I2C_SlaveRxCpltCallback)
    HAL_I2C_SlaveTxCpltCallback              0x08000a13   Thumb Code     2  stm32f0xx_hal_i2c.o(i.HAL_I2C_SlaveTxCpltCallback)
    HAL_IncTick                              0x08000a15   Thumb Code    12  stm32f0xx_hal.o(i.HAL_IncTick)
    HAL_Init                                 0x08000a25   Thumb Code    28  stm32f0xx_hal.o(i.HAL_Init)
    HAL_InitTick                             0x08000a45   Thumb Code    38  stm32f0xx_hal.o(i.HAL_InitTick)
    HAL_MspInit                              0x08000a6d   Thumb Code    90  stm32f0xx_hal_msp.o(i.HAL_MspInit)
    HAL_NVIC_EnableIRQ                       0x08000acd   Thumb Code    18  stm32f0xx_hal_cortex.o(i.HAL_NVIC_EnableIRQ)
    HAL_NVIC_SetPriority                     0x08000ae5   Thumb Code    18  stm32f0xx_hal_cortex.o(i.HAL_NVIC_SetPriority)
    HAL_RCCEx_PeriphCLKConfig                0x08000af9   Thumb Code   378  stm32f0xx_hal_rcc_ex.o(i.HAL_RCCEx_PeriphCLKConfig)
    HAL_RCC_ClockConfig                      0x08000c81   Thumb Code   444  stm32f0xx_hal_rcc.o(i.HAL_RCC_ClockConfig)
    HAL_RCC_GetHCLKFreq                      0x08000e51   Thumb Code     6  stm32f0xx_hal_rcc.o(i.HAL_RCC_GetHCLKFreq)
    HAL_RCC_GetPCLK1Freq                     0x08000e5d   Thumb Code    26  stm32f0xx_hal_rcc.o(i.HAL_RCC_GetPCLK1Freq)
    HAL_RCC_GetSysClockFreq                  0x08000e81   Thumb Code   194  stm32f0xx_hal_rcc.o(i.HAL_RCC_GetSysClockFreq)
    HAL_RCC_OscConfig                        0x08000f71   Thumb Code  1532  stm32f0xx_hal_rcc.o(i.HAL_RCC_OscConfig)
    HAL_SYSTICK_CLKSourceConfig              0x08001571   Thumb Code    32  stm32f0xx_hal_cortex.o(i.HAL_SYSTICK_CLKSourceConfig)
    HAL_SYSTICK_Config                       0x08001595   Thumb Code    46  stm32f0xx_hal_cortex.o(i.HAL_SYSTICK_Config)
    HAL_UARTEx_WakeupCallback                0x080015cd   Thumb Code     2  stm32f0xx_hal_uart_ex.o(i.HAL_UARTEx_WakeupCallback)
    HAL_UART_DMAStop                         0x080015cf   Thumb Code   104  stm32f0xx_hal_uart.o(i.HAL_UART_DMAStop)
    HAL_UART_ErrorCallback                   0x08001637   Thumb Code     2  stm32f0xx_hal_uart.o(i.HAL_UART_ErrorCallback)
    HAL_UART_IRQHandler                      0x08001639   Thumb Code   444  stm32f0xx_hal_uart.o(i.HAL_UART_IRQHandler)
    HAL_UART_Init                            0x080017f9   Thumb Code   130  stm32f0xx_hal_uart.o(i.HAL_UART_Init)
    HAL_UART_MspInit                         0x0800187d   Thumb Code   296  stm32f0xx_hal_msp.o(i.HAL_UART_MspInit)
    HAL_UART_Receive_DMA                     0x080019e1   Thumb Code   190  stm32f0xx_hal_uart.o(i.HAL_UART_Receive_DMA)
    HAL_UART_Receive_IT                      0x08001aad   Thumb Code   230  stm32f0xx_hal_uart.o(i.HAL_UART_Receive_IT)
    HAL_UART_RxCpltCallback                  0x08001b99   Thumb Code   106  main.o(i.HAL_UART_RxCpltCallback)
    HAL_UART_RxHalfCpltCallback              0x08001c19   Thumb Code     2  stm32f0xx_hal_uart.o(i.HAL_UART_RxHalfCpltCallback)
    HAL_UART_Transmit                        0x08001c1b   Thumb Code   240  stm32f0xx_hal_uart.o(i.HAL_UART_Transmit)
    HAL_UART_TxCpltCallback                  0x08001d0b   Thumb Code     2  stm32f0xx_hal_uart.o(i.HAL_UART_TxCpltCallback)
    I2C1_IRQHandler                          0x08001d0d   Thumb Code    34  stm32f0xx_it.o(i.I2C1_IRQHandler)
    SVC_Handler                              0x08002631   Thumb Code     2  port.o(i.SVC_Handler)
    StartDefaultTask                         0x08002633   Thumb Code    10  main.o(i.StartDefaultTask)
    StartTask02led                           0x0800263d   Thumb Code    20  main.o(i.StartTask02led)
    StartTask03print                         0x08002655   Thumb Code    24  main.o(i.StartTask03print)
    SysTick_Handler                          0x08002671   Thumb Code    12  stm32f0xx_it.o(i.SysTick_Handler)
    SystemClock_Config                       0x0800267d   Thumb Code   138  main.o(i.SystemClock_Config)
    SystemInit                               0x08002719   Thumb Code   104  system_stm32f0xx.o(i.SystemInit)
    UART_AdvFeatureConfig                    0x0800278d   Thumb Code   240  stm32f0xx_hal_uart.o(i.UART_AdvFeatureConfig)
    UART_CheckIdleState                      0x0800287d   Thumb Code   120  stm32f0xx_hal_uart.o(i.UART_CheckIdleState)
    UART_EndTransmit_IT                      0x080029e7   Thumb Code    32  stm32f0xx_hal_uart.o(i.UART_EndTransmit_IT)
    UART_Receive_IT                          0x08002a1b   Thumb Code   142  stm32f0xx_hal_uart.o(i.UART_Receive_IT)
    UART_SetConfig                           0x08002aa9   Thumb Code   454  stm32f0xx_hal_uart.o(i.UART_SetConfig)
    UART_Transmit_IT                         0x08002c8d   Thumb Code   114  stm32f0xx_hal_uart.o(i.UART_Transmit_IT)
    UART_WaitOnFlagUntilTimeout              0x08002cff   Thumb Code   112  stm32f0xx_hal_uart.o(i.UART_WaitOnFlagUntilTimeout)
    USART1_IRQHandler                        0x08002d71   Thumb Code    10  stm32f0xx_it.o(i.USART1_IRQHandler)
    USART2_IRQHandler                        0x08002d81   Thumb Code    70  stm32f0xx_it.o(i.USART2_IRQHandler)
    _Error_Handler                           0x08002ddd   Thumb Code     4  main.o(i._Error_Handler)
    __0printf$2                              0x08002de1   Thumb Code    24  printf2.o(i.__0printf$2)
    __1printf$2                              0x08002de1   Thumb Code     0  printf2.o(i.__0printf$2)
    __2printf                                0x08002de1   Thumb Code     0  printf2.o(i.__0printf$2)
    __scatterload_copy                       0x08002e01   Thumb Code    14  handlers.o(i.__scatterload_copy)
    __scatterload_null                       0x08002e0f   Thumb Code     2  handlers.o(i.__scatterload_null)
    __scatterload_zeroinit                   0x08002e11   Thumb Code    14  handlers.o(i.__scatterload_zeroinit)
    fputc                                    0x08002ef1   Thumb Code    20  main.o(i.fputc)
    huart1_receive_message_Handle            0x08002f0d   Thumb Code     2  main.o(i.huart1_receive_message_Handle)
    main                                     0x08002f11   Thumb Code   108  main.o(i.main)
    osDelay                                  0x08002f9b   Thumb Code    26  cmsis_os.o(i.osDelay)
    osKernelStart                            0x08002fb5   Thumb Code    10  cmsis_os.o(i.osKernelStart)
    osSystickHandler                         0x08002fbf   Thumb Code    16  cmsis_os.o(i.osSystickHandler)
    osThreadCreate                           0x08002fcf   Thumb Code    48  cmsis_os.o(i.osThreadCreate)
    pvPortMalloc                             0x080033fd   Thumb Code   264  heap_4.o(i.pvPortMalloc)
    pxPortInitialiseStack                    0x08003519   Thumb Code    26  port.o(i.pxPortInitialiseStack)
    uartdamget                               0x08003539   Thumb Code    76  main.o(i.uartdamget)
    uxListRemove                             0x08003599   Thumb Code    40  list.o(i.uxListRemove)
    vListInitialise                          0x080035c1   Thumb Code    26  list.o(i.vListInitialise)
    vListInitialiseItem                      0x080035db   Thumb Code     6  list.o(i.vListInitialiseItem)
    vListInsert                              0x080035e1   Thumb Code    54  list.o(i.vListInsert)
    vListInsertEnd                           0x08003617   Thumb Code    24  list.o(i.vListInsertEnd)
    vPortEnterCritical                       0x08003631   Thumb Code    22  port.o(i.vPortEnterCritical)
    vPortExitCritical                        0x0800364d   Thumb Code    36  port.o(i.vPortExitCritical)
    vPortFree                                0x08003675   Thumb Code   120  heap_4.o(i.vPortFree)
    vPortSetupTimerInterrupt                 0x080036f5   Thumb Code    26  port.o(i.vPortSetupTimerInterrupt)
    vPortYield                               0x08003719   Thumb Code    18  port.o(i.vPortYield)
    vTaskDelay                               0x08003731   Thumb Code    62  tasks.o(i.vTaskDelay)
    vTaskStartScheduler                      0x08003775   Thumb Code    80  tasks.o(i.vTaskStartScheduler)
    vTaskSuspendAll                          0x080037e1   Thumb Code    12  tasks.o(i.vTaskSuspendAll)
    vTaskSwitchContext                       0x080037f1   Thumb Code   108  tasks.o(i.vTaskSwitchContext)
    xPortStartScheduler                      0x08003871   Thumb Code    48  port.o(i.xPortStartScheduler)
    xPortSysTickHandler                      0x080038a9   Thumb Code    32  port.o(i.xPortSysTickHandler)
    xTaskCreate                              0x080038cd   Thumb Code    92  tasks.o(i.xTaskCreate)
    xTaskGetSchedulerState                   0x08003929   Thumb Code    28  tasks.o(i.xTaskGetSchedulerState)
    xTaskIncrementTick                       0x0800394d   Thumb Code   270  tasks.o(i.xTaskIncrementTick)
    xTaskResumeAll                           0x08003a89   Thumb Code   206  tasks.o(i.xTaskResumeAll)
    AHBPrescTable                            0x08003b78   Data          16  system_stm32f0xx.o(.constdata)
    APBPrescTable                            0x08003b88   Data           8  system_stm32f0xx.o(.constdata)
    Region$$Table$$Base                      0x08003bf4   Number         0  anon$$obj.o(Region$$Table)
    Region$$Table$$Limit                     0x08003c14   Number         0  anon$$obj.o(Region$$Table)
    SystemCoreClock                          0x20000000   Data           4  system_stm32f0xx.o(.data)
    uwTick                                   0x20000004   Data           4  stm32f0xx_hal.o(.data)
    defaultTaskHandle                        0x20000008   Data           4  main.o(.data)
    myTask02ledHandle                        0x2000000c   Data           4  main.o(.data)
    myTask03printHandle                      0x20000010   Data           4  main.o(.data)
    recv_end_flag                            0x20000014   Data           1  main.o(.data)
    Rx_len                                   0x20000015   Data           1  main.o(.data)
    I2C_read_value                           0x20000016   Data           1  main.o(.data)
    I2C_write_value                          0x20000017   Data           1  main.o(.data)
    Rx_count_UART1                           0x20000018   Data           1  main.o(.data)
    aaRxBuffer_UART1                         0x20000019   Data           1  main.o(.data)
    Rx_Num_UART1                             0x2000001a   Data           1  main.o(.data)
    power_on_FLAG                            0x2000001b   Data           1  main.o(.data)
    RxBuffer_UART                            0x2000001c   Data           1  main.o(.data)
    Rx_count_UART                            0x2000001d   Data           1  main.o(.data)
    Rx_Num_UART                              0x2000001e   Data           2  main.o(.data)
    pxCurrentTCB                             0x2000003c   Data           4  tasks.o(.data)
    __stdout                                 0x20000078   Data           4  stdout.o(.data)
    hi2c1                                    0x2000007c   Data          76  main.o(.bss)
    huart1                                   0x200000c8   Data         112  main.o(.bss)
    huart2                                   0x20000138   Data         112  main.o(.bss)
    hdma_usart2_rx                           0x200001a8   Data          68  main.o(.bss)
    hdma_usart2_tx                           0x200001ec   Data          68  main.o(.bss)
    ReceiveBuff                              0x20000230   Data         255  main.o(.bss)
    Rxbuff_UART                              0x2000032f   Data         100  main.o(.bss)
    Rxbuff_UART_DMA                          0x20000393   Data         100  main.o(.bss)
    Rxbuff_UART1                             0x200003f7   Data         100  main.o(.bss)
    __initial_sp                             0x20001550   Data           0  startup_stm32f042x6.o(STACK)



==============================================================================

Memory Map of the image

  Image Entry point : 0x080000c1

  Load Region LR_IROM1 (Base: 0x08000000, Size: 0x00003c90, Max: 0x00008000, ABSOLUTE)

    Execution Region ER_IROM1 (Exec base: 0x08000000, Load base: 0x08000000, Size: 0x00003c14, Max: 0x00008000, ABSOLUTE)

    Exec Addr    Load Addr    Size         Type   Attr      Idx    E Section Name        Object

    0x08000000   0x08000000   0x000000c0   Data   RO            3    RESET               startup_stm32f042x6.o
    0x080000c0   0x080000c0   0x00000000   Code   RO         3274  * .ARM.Collect$$$$00000000  mc_p.l(entry.o)
    0x080000c0   0x080000c0   0x00000004   Code   RO         3548    .ARM.Collect$$$$00000001  mc_p.l(entry2.o)
    0x080000c4   0x080000c4   0x00000004   Code   RO         3551    .ARM.Collect$$$$00000004  mc_p.l(entry5.o)
    0x080000c8   0x080000c8   0x00000000   Code   RO         3553    .ARM.Collect$$$$00000008  mc_p.l(entry7b.o)
    0x080000c8   0x080000c8   0x00000000   Code   RO         3555    .ARM.Collect$$$$0000000A  mc_p.l(entry8b.o)
    0x080000c8   0x080000c8   0x00000008   Code   RO         3556    .ARM.Collect$$$$0000000B  mc_p.l(entry9a.o)
    0x080000d0   0x080000d0   0x00000000   Code   RO         3558    .ARM.Collect$$$$0000000D  mc_p.l(entry10a.o)
    0x080000d0   0x080000d0   0x00000000   Code   RO         3560    .ARM.Collect$$$$0000000F  mc_p.l(entry11a.o)
    0x080000d0   0x080000d0   0x00000004   Code   RO         3549    .ARM.Collect$$$$00002712  mc_p.l(entry2.o)
    0x080000d4   0x080000d4   0x00000078   Code   RO         2284    .emb_text           port.o
    0x0800014c   0x0800014c   0x00000058   Code   RO            4    .text               startup_stm32f042x6.o
    0x080001a4   0x080001a4   0x0000002c   Code   RO         3277    .text               mc_p.l(uidiv.o)
    0x080001d0   0x080001d0   0x00000024   Code   RO         3281    .text               mc_p.l(memcpya.o)
    0x080001f4   0x080001f4   0x00000024   Code   RO         3576    .text               mc_p.l(init.o)
    0x08000218   0x08000218   0x00000018   Code   RO         2129    i.DMA1_Channel4_5_IRQHandler  stm32f0xx_it.o
    0x08000230   0x08000230   0x00000020   Code   RO         1416    i.DMA_CalcBaseAndBitshift  stm32f0xx_hal_dma.o
    0x08000250   0x08000250   0x0000002a   Code   RO         1417    i.DMA_SetConfig     stm32f0xx_hal_dma.o
    0x0800027a   0x0800027a   0x0000000c   Code   RO         2130    i.EXTI4_15_IRQHandler  stm32f0xx_it.o
    0x08000286   0x08000286   0x00000038   Code   RO         1418    i.HAL_DMA_Abort     stm32f0xx_hal_dma.o
    0x080002be   0x080002be   0x00000058   Code   RO         1419    i.HAL_DMA_Abort_IT  stm32f0xx_hal_dma.o
    0x08000316   0x08000316   0x000000f0   Code   RO         1423    i.HAL_DMA_IRQHandler  stm32f0xx_hal_dma.o
    0x08000406   0x08000406   0x00000002   PAD
    0x08000408   0x08000408   0x00000064   Code   RO         1424    i.HAL_DMA_Init      stm32f0xx_hal_dma.o
    0x0800046c   0x0800046c   0x0000009a   Code   RO         1428    i.HAL_DMA_Start_IT  stm32f0xx_hal_dma.o
    0x08000506   0x08000506   0x00000002   Code   RO         1355    i.HAL_GPIO_EXTI_Callback  stm32f0xx_hal_gpio.o
    0x08000508   0x08000508   0x00000020   Code   RO         1356    i.HAL_GPIO_EXTI_IRQHandler  stm32f0xx_hal_gpio.o
    0x08000528   0x08000528   0x000001e0   Code   RO         1357    i.HAL_GPIO_Init     stm32f0xx_hal_gpio.o
    0x08000708   0x08000708   0x00000008   Code   RO         1360    i.HAL_GPIO_TogglePin  stm32f0xx_hal_gpio.o
    0x08000710   0x08000710   0x0000000c   Code   RO         1361    i.HAL_GPIO_WritePin  stm32f0xx_hal_gpio.o
    0x0800071c   0x0800071c   0x0000000c   Code   RO         1226    i.HAL_GetTick       stm32f0xx_hal.o
    0x08000728   0x08000728   0x0000006e   Code   RO          556    i.HAL_I2CEx_ConfigAnalogFilter  stm32f0xx_hal_i2c_ex.o
    0x08000796   0x08000796   0x00000072   Code   RO          557    i.HAL_I2CEx_ConfigDigitalFilter  stm32f0xx_hal_i2c_ex.o
    0x08000808   0x08000808   0x00000002   Code   RO          128    i.HAL_I2C_AbortCpltCallback  stm32f0xx_hal_i2c.o
    0x0800080a   0x0800080a   0x00000002   Code   RO          129    i.HAL_I2C_AddrCallback  stm32f0xx_hal_i2c.o
    0x0800080c   0x0800080c   0x00000080   Code   RO          132    i.HAL_I2C_ER_IRQHandler  stm32f0xx_hal_i2c.o
    0x0800088c   0x0800088c   0x0000001e   Code   RO          133    i.HAL_I2C_EV_IRQHandler  stm32f0xx_hal_i2c.o
    0x080008aa   0x080008aa   0x00000002   Code   RO          135    i.HAL_I2C_ErrorCallback  stm32f0xx_hal_i2c.o
    0x080008ac   0x080008ac   0x000000d4   Code   RO          139    i.HAL_I2C_Init      stm32f0xx_hal_i2c.o
    0x08000980   0x08000980   0x00000002   Code   RO          141    i.HAL_I2C_ListenCpltCallback  stm32f0xx_hal_i2c.o
    0x08000982   0x08000982   0x00000002   PAD
    0x08000984   0x08000984   0x0000008c   Code   RO         2184    i.HAL_I2C_MspInit   stm32f0xx_hal_msp.o
    0x08000a10   0x08000a10   0x00000002   Code   RO          163    i.HAL_I2C_SlaveRxCpltCallback  stm32f0xx_hal_i2c.o
    0x08000a12   0x08000a12   0x00000002   Code   RO          164    i.HAL_I2C_SlaveTxCpltCallback  stm32f0xx_hal_i2c.o
    0x08000a14   0x08000a14   0x00000010   Code   RO         1230    i.HAL_IncTick       stm32f0xx_hal.o
    0x08000a24   0x08000a24   0x00000020   Code   RO         1231    i.HAL_Init          stm32f0xx_hal.o
    0x08000a44   0x08000a44   0x00000026   Code   RO         1232    i.HAL_InitTick      stm32f0xx_hal.o
    0x08000a6a   0x08000a6a   0x00000002   PAD
    0x08000a6c   0x08000a6c   0x00000060   Code   RO         2185    i.HAL_MspInit       stm32f0xx_hal_msp.o
    0x08000acc   0x08000acc   0x00000018   Code   RO         1516    i.HAL_NVIC_EnableIRQ  stm32f0xx_hal_cortex.o
    0x08000ae4   0x08000ae4   0x00000012   Code   RO         1520    i.HAL_NVIC_SetPriority  stm32f0xx_hal_cortex.o
    0x08000af6   0x08000af6   0x00000002   PAD
    0x08000af8   0x08000af8   0x00000188   Code   RO         1142    i.HAL_RCCEx_PeriphCLKConfig  stm32f0xx_hal_rcc_ex.o
    0x08000c80   0x08000c80   0x000001d0   Code   RO         1040    i.HAL_RCC_ClockConfig  stm32f0xx_hal_rcc.o
    0x08000e50   0x08000e50   0x0000000c   Code   RO         1045    i.HAL_RCC_GetHCLKFreq  stm32f0xx_hal_rcc.o
    0x08000e5c   0x08000e5c   0x00000024   Code   RO         1047    i.HAL_RCC_GetPCLK1Freq  stm32f0xx_hal_rcc.o
    0x08000e80   0x08000e80   0x000000f0   Code   RO         1048    i.HAL_RCC_GetSysClockFreq  stm32f0xx_hal_rcc.o
    0x08000f70   0x08000f70   0x00000600   Code   RO         1051    i.HAL_RCC_OscConfig  stm32f0xx_hal_rcc.o
    0x08001570   0x08001570   0x00000024   Code   RO         1522    i.HAL_SYSTICK_CLKSourceConfig  stm32f0xx_hal_cortex.o
    0x08001594   0x08001594   0x00000038   Code   RO         1524    i.HAL_SYSTICK_Config  stm32f0xx_hal_cortex.o
    0x080015cc   0x080015cc   0x00000002   Code   RO          979    i.HAL_UARTEx_WakeupCallback  stm32f0xx_hal_uart_ex.o
    0x080015ce   0x080015ce   0x00000068   Code   RO          652    i.HAL_UART_DMAStop  stm32f0xx_hal_uart.o
    0x08001636   0x08001636   0x00000002   Code   RO          654    i.HAL_UART_ErrorCallback  stm32f0xx_hal_uart.o
    0x08001638   0x08001638   0x000001c0   Code   RO          657    i.HAL_UART_IRQHandler  stm32f0xx_hal_uart.o
    0x080017f8   0x080017f8   0x00000082   Code   RO          658    i.HAL_UART_Init     stm32f0xx_hal_uart.o
    0x0800187a   0x0800187a   0x00000002   PAD
    0x0800187c   0x0800187c   0x00000164   Code   RO         2187    i.HAL_UART_MspInit  stm32f0xx_hal_msp.o
    0x080019e0   0x080019e0   0x000000cc   Code   RO          662    i.HAL_UART_Receive_DMA  stm32f0xx_hal_uart.o
    0x08001aac   0x08001aac   0x000000ec   Code   RO          663    i.HAL_UART_Receive_IT  stm32f0xx_hal_uart.o
    0x08001b98   0x08001b98   0x00000080   Code   RO         1963    i.HAL_UART_RxCpltCallback  main.o
    0x08001c18   0x08001c18   0x00000002   Code   RO          665    i.HAL_UART_RxHalfCpltCallback  stm32f0xx_hal_uart.o
    0x08001c1a   0x08001c1a   0x000000f0   Code   RO          666    i.HAL_UART_Transmit  stm32f0xx_hal_uart.o
    0x08001d0a   0x08001d0a   0x00000002   Code   RO          669    i.HAL_UART_TxCpltCallback  stm32f0xx_hal_uart.o
    0x08001d0c   0x08001d0c   0x00000028   Code   RO         2131    i.I2C1_IRQHandler   stm32f0xx_it.o
    0x08001d34   0x08001d34   0x0000003c   Code   RO          173    i.I2C_DMAAbort      stm32f0xx_hal_i2c.o
    0x08001d70   0x08001d70   0x0000007e   Code   RO          179    i.I2C_Disable_IRQ   stm32f0xx_hal_i2c.o
    0x08001dee   0x08001dee   0x00000032   Code   RO          181    i.I2C_Flush_TXDR    stm32f0xx_hal_i2c.o
    0x08001e20   0x08001e20   0x000000d6   Code   RO          182    i.I2C_ITAddrCplt    stm32f0xx_hal_i2c.o
    0x08001ef6   0x08001ef6   0x00000002   PAD
    0x08001ef8   0x08001ef8   0x00000118   Code   RO          183    i.I2C_ITError       stm32f0xx_hal_i2c.o
    0x08002010   0x08002010   0x00000074   Code   RO          184    i.I2C_ITListenCplt  stm32f0xx_hal_i2c.o
    0x08002084   0x08002084   0x0000013c   Code   RO          187    i.I2C_ITSlaveCplt   stm32f0xx_hal_i2c.o
    0x080021c0   0x080021c0   0x00000062   Code   RO          188    i.I2C_ITSlaveSequentialCplt  stm32f0xx_hal_i2c.o
    0x08002222   0x08002222   0x00000002   PAD
    0x08002224   0x08002224   0x00000160   Code   RO          195    i.I2C_Slave_ISR_IT  stm32f0xx_hal_i2c.o
    0x08002384   0x08002384   0x00000034   Code   RO         1964    i.MX_DMA_Init       main.o
    0x080023b8   0x080023b8   0x000000d0   Code   RO         1965    i.MX_GPIO_Init      main.o
    0x08002488   0x08002488   0x00000080   Code   RO         1966    i.MX_I2C1_Init      main.o
    0x08002508   0x08002508   0x00000058   Code   RO         1967    i.MX_USART1_UART_Init  main.o
    0x08002560   0x08002560   0x00000058   Code   RO         1968    i.MX_USART2_UART_Init  main.o
    0x080025b8   0x080025b8   0x00000078   Code   RO         1526    i.NVIC_SetPriority  stm32f0xx_hal_cortex.o
    0x08002630   0x08002630   0x00000002   Code   RO         2285    i.SVC_Handler       port.o
    0x08002632   0x08002632   0x0000000a   Code   RO         1969    i.StartDefaultTask  main.o
    0x0800263c   0x0800263c   0x00000018   Code   RO         1970    i.StartTask02led    main.o
    0x08002654   0x08002654   0x0000001c   Code   RO         1971    i.StartTask03print  main.o
    0x08002670   0x08002670   0x0000000c   Code   RO         2132    i.SysTick_Handler   stm32f0xx_it.o
    0x0800267c   0x0800267c   0x0000009c   Code   RO         1972    i.SystemClock_Config  main.o
    0x08002718   0x08002718   0x00000074   Code   RO           13    i.SystemInit        system_stm32f0xx.o
    0x0800278c   0x0800278c   0x000000f0   Code   RO          671    i.UART_AdvFeatureConfig  stm32f0xx_hal_uart.o
    0x0800287c   0x0800287c   0x00000080   Code   RO          672    i.UART_CheckIdleState  stm32f0xx_hal_uart.o
    0x080028fc   0x080028fc   0x00000018   Code   RO          673    i.UART_DMAAbortOnError  stm32f0xx_hal_uart.o
    0x08002914   0x08002914   0x00000056   Code   RO          674    i.UART_DMAError     stm32f0xx_hal_uart.o
    0x0800296a   0x0800296a   0x0000004c   Code   RO          675    i.UART_DMAReceiveCplt  stm32f0xx_hal_uart.o
    0x080029b6   0x080029b6   0x0000000e   Code   RO          677    i.UART_DMARxHalfCplt  stm32f0xx_hal_uart.o
    0x080029c4   0x080029c4   0x00000022   Code   RO          683    i.UART_EndRxTransfer  stm32f0xx_hal_uart.o
    0x080029e6   0x080029e6   0x00000020   Code   RO          684    i.UART_EndTransmit_IT  stm32f0xx_hal_uart.o
    0x08002a06   0x08002a06   0x00000014   Code   RO          685    i.UART_EndTxTransfer  stm32f0xx_hal_uart.o
    0x08002a1a   0x08002a1a   0x0000008e   Code   RO          686    i.UART_Receive_IT   stm32f0xx_hal_uart.o
    0x08002aa8   0x08002aa8   0x000001e4   Code   RO          687    i.UART_SetConfig    stm32f0xx_hal_uart.o
    0x08002c8c   0x08002c8c   0x00000072   Code   RO          688    i.UART_Transmit_IT  stm32f0xx_hal_uart.o
    0x08002cfe   0x08002cfe   0x00000070   Code   RO          689    i.UART_WaitOnFlagUntilTimeout  stm32f0xx_hal_uart.o
    0x08002d6e   0x08002d6e   0x00000002   PAD
    0x08002d70   0x08002d70   0x00000010   Code   RO         2133    i.USART1_IRQHandler  stm32f0xx_it.o
    0x08002d80   0x08002d80   0x0000005c   Code   RO         2134    i.USART2_IRQHandler  stm32f0xx_it.o
    0x08002ddc   0x08002ddc   0x00000004   Code   RO         1973    i._Error_Handler    main.o
    0x08002de0   0x08002de0   0x00000020   Code   RO         3354    i.__0printf$2       mc_p.l(printf2.o)
    0x08002e00   0x08002e00   0x0000000e   Code   RO         3588    i.__scatterload_copy  mc_p.l(handlers.o)
    0x08002e0e   0x08002e0e   0x00000002   Code   RO         3589    i.__scatterload_null  mc_p.l(handlers.o)
    0x08002e10   0x08002e10   0x0000000e   Code   RO         3590    i.__scatterload_zeroinit  mc_p.l(handlers.o)
    0x08002e1e   0x08002e1e   0x000000d2   Code   RO         3361    i._printf_core      mc_p.l(printf2.o)
    0x08002ef0   0x08002ef0   0x0000001c   Code   RO         1974    i.fputc             main.o
    0x08002f0c   0x08002f0c   0x00000002   Code   RO         1975    i.huart1_receive_message_Handle  main.o
    0x08002f0e   0x08002f0e   0x00000002   PAD
    0x08002f10   0x08002f10   0x0000007c   Code   RO         1976    i.main              main.o
    0x08002f8c   0x08002f8c   0x0000000e   Code   RO         2916    i.makeFreeRtosPriority  cmsis_os.o
    0x08002f9a   0x08002f9a   0x0000001a   Code   RO         2918    i.osDelay           cmsis_os.o
    0x08002fb4   0x08002fb4   0x0000000a   Code   RO         2921    i.osKernelStart     cmsis_os.o
    0x08002fbe   0x08002fbe   0x00000010   Code   RO         2954    i.osSystickHandler  cmsis_os.o
    0x08002fce   0x08002fce   0x00000030   Code   RO         2955    i.osThreadCreate    cmsis_os.o
    0x08002ffe   0x08002ffe   0x00000002   PAD
    0x08003000   0x08003000   0x0000007c   Code   RO         2621    i.prvAddCurrentTaskToDelayedList  tasks.o
    0x0800307c   0x0800307c   0x000000a4   Code   RO         2622    i.prvAddNewTaskToReadyList  tasks.o
    0x08003120   0x08003120   0x00000068   Code   RO         2623    i.prvCheckTasksWaitingTermination  tasks.o
    0x08003188   0x08003188   0x00000012   Code   RO         2624    i.prvDeleteTCB      tasks.o
    0x0800319a   0x0800319a   0x00000002   PAD
    0x0800319c   0x0800319c   0x0000007c   Code   RO         2226    i.prvHeapInit       heap_4.o
    0x08003218   0x08003218   0x00000018   Code   RO         2625    i.prvIdleTask       tasks.o
    0x08003230   0x08003230   0x000000a4   Code   RO         2626    i.prvInitialiseNewTask  tasks.o
    0x080032d4   0x080032d4   0x00000064   Code   RO         2627    i.prvInitialiseTaskLists  tasks.o
    0x08003338   0x08003338   0x00000068   Code   RO         2227    i.prvInsertBlockIntoFreeList  heap_4.o
    0x080033a0   0x080033a0   0x00000038   Code   RO         2628    i.prvResetNextTaskUnblockTime  tasks.o
    0x080033d8   0x080033d8   0x00000024   Code   RO         2286    i.prvTaskExitError  port.o
    0x080033fc   0x080033fc   0x0000011c   Code   RO         2228    i.pvPortMalloc      heap_4.o
    0x08003518   0x08003518   0x00000020   Code   RO         2287    i.pxPortInitialiseStack  port.o
    0x08003538   0x08003538   0x00000060   Code   RO         1977    i.uartdamget        main.o
    0x08003598   0x08003598   0x00000028   Code   RO         2429    i.uxListRemove      list.o
    0x080035c0   0x080035c0   0x0000001a   Code   RO         2430    i.vListInitialise   list.o
    0x080035da   0x080035da   0x00000006   Code   RO         2431    i.vListInitialiseItem  list.o
    0x080035e0   0x080035e0   0x00000036   Code   RO         2432    i.vListInsert       list.o
    0x08003616   0x08003616   0x00000018   Code   RO         2433    i.vListInsertEnd    list.o
    0x0800362e   0x0800362e   0x00000002   PAD
    0x08003630   0x08003630   0x0000001c   Code   RO         2289    i.vPortEnterCritical  port.o
    0x0800364c   0x0800364c   0x00000028   Code   RO         2290    i.vPortExitCritical  port.o
    0x08003674   0x08003674   0x00000080   Code   RO         2229    i.vPortFree         heap_4.o
    0x080036f4   0x080036f4   0x00000024   Code   RO         2291    i.vPortSetupTimerInterrupt  port.o
    0x08003718   0x08003718   0x00000018   Code   RO         2292    i.vPortYield        port.o
    0x08003730   0x08003730   0x00000044   Code   RO         2636    i.vTaskDelay        tasks.o
    0x08003774   0x08003774   0x0000006c   Code   RO         2647    i.vTaskStartScheduler  tasks.o
    0x080037e0   0x080037e0   0x00000010   Code   RO         2649    i.vTaskSuspendAll   tasks.o
    0x080037f0   0x080037f0   0x00000080   Code   RO         2650    i.vTaskSwitchContext  tasks.o
    0x08003870   0x08003870   0x00000038   Code   RO         2293    i.xPortStartScheduler  port.o
    0x080038a8   0x080038a8   0x00000024   Code   RO         2294    i.xPortSysTickHandler  port.o
    0x080038cc   0x080038cc   0x0000005c   Code   RO         2652    i.xTaskCreate       tasks.o
    0x08003928   0x08003928   0x00000024   Code   RO         2656    i.xTaskGetSchedulerState  tasks.o
    0x0800394c   0x0800394c   0x0000013c   Code   RO         2659    i.xTaskIncrementTick  tasks.o
    0x08003a88   0x08003a88   0x000000f0   Code   RO         2665    i.xTaskResumeAll    tasks.o
    0x08003b78   0x08003b78   0x00000018   Data   RO           14    .constdata          system_stm32f0xx.o
    0x08003b90   0x08003b90   0x0000003c   Data   RO         1979    .constdata          main.o
    0x08003bcc   0x08003bcc   0x00000026   Data   RO         1980    .conststring        main.o
    0x08003bf2   0x08003bf2   0x00000002   PAD
    0x08003bf4   0x08003bf4   0x00000020   Data   RO         3586    Region$$Table       anon$$obj.o


    Execution Region RW_IRAM1 (Exec base: 0x20000000, Load base: 0x08003c14, Size: 0x00001550, Max: 0x00001800, ABSOLUTE)

    Exec Addr    Load Addr    Size         Type   Attr      Idx    E Section Name        Object

    0x20000000   0x08003c14   0x00000004   Data   RW           15    .data               system_stm32f0xx.o
    0x20000004   0x08003c18   0x00000004   Data   RW         1237    .data               stm32f0xx_hal.o
    0x20000008   0x08003c1c   0x00000018   Data   RW         1981    .data               main.o
    0x20000020   0x08003c34   0x00000018   Data   RW         2234    .data               heap_4.o
    0x20000038   0x08003c4c   0x00000004   Data   RW         2295    .data               port.o
    0x2000003c   0x08003c50   0x0000003c   Data   RW         2668    .data               tasks.o
    0x20000078   0x08003c8c   0x00000004   Data   RW         3562    .data               mc_p.l(stdout.o)
    0x2000007c        -       0x000003df   Zero   RW         1978    .bss                main.o
    0x2000045b        -       0x00000c00   Zero   RW         2233    .bss                heap_4.o
    0x2000105b   0x08003c90   0x00000001   PAD
    0x2000105c        -       0x000000f0   Zero   RW         2667    .bss                tasks.o
    0x2000114c   0x08003c90   0x00000004   PAD
    0x20001150        -       0x00000400   Zero   RW            1    STACK               startup_stm32f042x6.o


==============================================================================

Image component sizes


      Code (inc. data)   RO Data    RW Data    ZI Data      Debug   Object Name

       114          0          0          0          0       7774   cmsis_os.o
       640         60          0         24       3072       6263   heap_4.o
       150          0          0          0          0       3658   list.o
      1164        188         98         24        991      30051   main.o
       410         58          0          4          0       7807   port.o
        88         38        192          0       1024        688   startup_stm32f042x6.o
        98         14          0          4          0       3323   stm32f0xx_hal.o
       254         30          0          0          0       9803   stm32f0xx_hal_cortex.o
       712         10          0          0          0       5518   stm32f0xx_hal_dma.o
       534         26          0          0          0       4153   stm32f0xx_hal_gpio.o
      1994         34          0          0          0      14471   stm32f0xx_hal_i2c.o
       224          0          0          0          0       2027   stm32f0xx_hal_i2c_ex.o
       592         80          0          0          0       2591   stm32f0xx_hal_msp.o
      2288         98          0          0          0       5357   stm32f0xx_hal_rcc.o
       392         14          0          0          0       1604   stm32f0xx_hal_rcc_ex.o
      2874         62          0          0          0      16687   stm32f0xx_hal_uart.o
         2          0          0          0          0       1020   stm32f0xx_hal_uart_ex.o
       196         42          0          0          0       3039   stm32f0xx_it.o
       116         12         24          4          0     435307   system_stm32f0xx.o
      1758        254          0         60        240      15830   tasks.o

    ----------------------------------------------------------------------
     14624       1020        348        120       5332     576971   Object Totals
         0          0         32          0          0          0   (incl. Generated)
        24          0          2          0          5          0   (incl. Padding)

    ----------------------------------------------------------------------

      Code (inc. data)   RO Data    RW Data    ZI Data      Debug   Library Member Name

         0          0          0          0          0          0   entry.o
         0          0          0          0          0          0   entry10a.o
         0          0          0          0          0          0   entry11a.o
         8          4          0          0          0          0   entry2.o
         4          0          0          0          0          0   entry5.o
         0          0          0          0          0          0   entry7b.o
         0          0          0          0          0          0   entry8b.o
         8          4          0          0          0          0   entry9a.o
        30          0          0          0          0          0   handlers.o
        36          8          0          0          0         68   init.o
        36          0          0          0          0         60   memcpya.o
       242          8          0          0          0        168   printf2.o
         0          0          0          4          0          0   stdout.o
        44          0          0          0          0         72   uidiv.o

    ----------------------------------------------------------------------
       408         24          0          4          0        368   Library Totals
         0          0          0          0          0          0   (incl. Padding)

    ----------------------------------------------------------------------

      Code (inc. data)   RO Data    RW Data    ZI Data      Debug   Library Name

       408         24          0          4          0        368   mc_p.l

    ----------------------------------------------------------------------
       408         24          0          4          0        368   Library Totals

    ----------------------------------------------------------------------

==============================================================================


      Code (inc. data)   RO Data    RW Data    ZI Data      Debug   

     15032       1044        348        124       5332     571631   Grand Totals
     15032       1044        348        124       5332     571631   ELF Image Totals
     15032       1044        348        124          0          0   ROM Totals

==============================================================================

    Total RO  Size (Code + RO Data)                15380 (  15.02kB)
    Total RW  Size (RW Data + ZI Data)              5456 (   5.33kB)
    Total ROM Size (Code + RO Data + RW Data)      15504 (  15.14kB)

==============================================================================

